Archive member included to satisfy reference by file (symbol)

d:/stm32cubeide_1.8.0/stm32cubeide/plugins/com.st.stm32cube.ide.mcu.externaltools.gnu-tools-for-stm32.9-2020-q2-update.win32_2.0.0.202105311346/tools/bin/../lib/gcc/arm-none-eabi/9.3.1/../../../../arm-none-eabi/lib/thumb/v7e-m+dp/hard\libc_nano.a(lib_a-errno.o)
                              ./Core/Src/syscalls.o (__errno)
d:/stm32cubeide_1.8.0/stm32cubeide/plugins/com.st.stm32cube.ide.mcu.externaltools.gnu-tools-for-stm32.9-2020-q2-update.win32_2.0.0.202105311346/tools/bin/../lib/gcc/arm-none-eabi/9.3.1/../../../../arm-none-eabi/lib/thumb/v7e-m+dp/hard\libc_nano.a(lib_a-exit.o)
                              d:/stm32cubeide_1.8.0/stm32cubeide/plugins/com.st.stm32cube.ide.mcu.externaltools.gnu-tools-for-stm32.9-2020-q2-update.win32_2.0.0.202105311346/tools/bin/../lib/gcc/arm-none-eabi/9.3.1/../../../../arm-none-eabi/lib/thumb/v7e-m+dp/hard/crt0.o (exit)
d:/stm32cubeide_1.8.0/stm32cubeide/plugins/com.st.stm32cube.ide.mcu.externaltools.gnu-tools-for-stm32.9-2020-q2-update.win32_2.0.0.202105311346/tools/bin/../lib/gcc/arm-none-eabi/9.3.1/../../../../arm-none-eabi/lib/thumb/v7e-m+dp/hard\libc_nano.a(lib_a-impure.o)
                              d:/stm32cubeide_1.8.0/stm32cubeide/plugins/com.st.stm32cube.ide.mcu.externaltools.gnu-tools-for-stm32.9-2020-q2-update.win32_2.0.0.202105311346/tools/bin/../lib/gcc/arm-none-eabi/9.3.1/../../../../arm-none-eabi/lib/thumb/v7e-m+dp/hard\libc_nano.a(lib_a-exit.o) (_global_impure_ptr)
d:/stm32cubeide_1.8.0/stm32cubeide/plugins/com.st.stm32cube.ide.mcu.externaltools.gnu-tools-for-stm32.9-2020-q2-update.win32_2.0.0.202105311346/tools/bin/../lib/gcc/arm-none-eabi/9.3.1/../../../../arm-none-eabi/lib/thumb/v7e-m+dp/hard\libc_nano.a(lib_a-init.o)
                              d:/stm32cubeide_1.8.0/stm32cubeide/plugins/com.st.stm32cube.ide.mcu.externaltools.gnu-tools-for-stm32.9-2020-q2-update.win32_2.0.0.202105311346/tools/bin/../lib/gcc/arm-none-eabi/9.3.1/../../../../arm-none-eabi/lib/thumb/v7e-m+dp/hard/crt0.o (__libc_init_array)
d:/stm32cubeide_1.8.0/stm32cubeide/plugins/com.st.stm32cube.ide.mcu.externaltools.gnu-tools-for-stm32.9-2020-q2-update.win32_2.0.0.202105311346/tools/bin/../lib/gcc/arm-none-eabi/9.3.1/../../../../arm-none-eabi/lib/thumb/v7e-m+dp/hard\libc_nano.a(lib_a-memcpy-stub.o)
                              ./Core/Src/ssd1306.o (memcpy)
d:/stm32cubeide_1.8.0/stm32cubeide/plugins/com.st.stm32cube.ide.mcu.externaltools.gnu-tools-for-stm32.9-2020-q2-update.win32_2.0.0.202105311346/tools/bin/../lib/gcc/arm-none-eabi/9.3.1/../../../../arm-none-eabi/lib/thumb/v7e-m+dp/hard\libc_nano.a(lib_a-memmove.o)
                              ./Core/Src/ssd1306_tests.o (memmove)
d:/stm32cubeide_1.8.0/stm32cubeide/plugins/com.st.stm32cube.ide.mcu.externaltools.gnu-tools-for-stm32.9-2020-q2-update.win32_2.0.0.202105311346/tools/bin/../lib/gcc/arm-none-eabi/9.3.1/../../../../arm-none-eabi/lib/thumb/v7e-m+dp/hard\libc_nano.a(lib_a-memset.o)
                              d:/stm32cubeide_1.8.0/stm32cubeide/plugins/com.st.stm32cube.ide.mcu.externaltools.gnu-tools-for-stm32.9-2020-q2-update.win32_2.0.0.202105311346/tools/bin/../lib/gcc/arm-none-eabi/9.3.1/../../../../arm-none-eabi/lib/thumb/v7e-m+dp/hard/crt0.o (memset)
d:/stm32cubeide_1.8.0/stm32cubeide/plugins/com.st.stm32cube.ide.mcu.externaltools.gnu-tools-for-stm32.9-2020-q2-update.win32_2.0.0.202105311346/tools/bin/../lib/gcc/arm-none-eabi/9.3.1/../../../../arm-none-eabi/lib/thumb/v7e-m+dp/hard\libc_nano.a(lib_a-snprintf.o)
                              ./Core/Src/ssd1306_tests.o (snprintf)
d:/stm32cubeide_1.8.0/stm32cubeide/plugins/com.st.stm32cube.ide.mcu.externaltools.gnu-tools-for-stm32.9-2020-q2-update.win32_2.0.0.202105311346/tools/bin/../lib/gcc/arm-none-eabi/9.3.1/../../../../arm-none-eabi/lib/thumb/v7e-m+dp/hard\libc_nano.a(lib_a-sprintf.o)
                              ./Core/Src/main.o (sprintf)
d:/stm32cubeide_1.8.0/stm32cubeide/plugins/com.st.stm32cube.ide.mcu.externaltools.gnu-tools-for-stm32.9-2020-q2-update.win32_2.0.0.202105311346/tools/bin/../lib/gcc/arm-none-eabi/9.3.1/../../../../arm-none-eabi/lib/thumb/v7e-m+dp/hard\libc_nano.a(lib_a-strcpy.o)
                              ./Core/Src/main.o (strcpy)
d:/stm32cubeide_1.8.0/stm32cubeide/plugins/com.st.stm32cube.ide.mcu.externaltools.gnu-tools-for-stm32.9-2020-q2-update.win32_2.0.0.202105311346/tools/bin/../lib/gcc/arm-none-eabi/9.3.1/../../../../arm-none-eabi/lib/thumb/v7e-m+dp/hard\libc_nano.a(lib_a-strlen.o)
                              ./Core/Src/main.o (strlen)
d:/stm32cubeide_1.8.0/stm32cubeide/plugins/com.st.stm32cube.ide.mcu.externaltools.gnu-tools-for-stm32.9-2020-q2-update.win32_2.0.0.202105311346/tools/bin/../lib/gcc/arm-none-eabi/9.3.1/../../../../arm-none-eabi/lib/thumb/v7e-m+dp/hard\libc_nano.a(lib_a-nano-svfprintf.o)
[...]
Memory Configuration

Name             Origin             Length             Attributes
FLASH            0x0000000008000000 0x0000000000200000 xr
DTCMRAM          0x0000000020000000 0x0000000000020000 xrw
RAM_D1           0x0000000024000000 0x0000000000080000 xrw
RAM_D2           0x0000000030000000 0x0000000000048000 xrw
RAM_D3           0x0000000038000000 0x0000000000010000 xrw
ITCMRAM          0x0000000000000000 0x0000000000010000 xrw
*default*        0x0000000000000000 0xffffffffffffffff

Linker script and memory map

LOAD d:/stm32cubeide_1.8.0/stm32cubeide/plugins/com.st.stm32cube.ide.mcu.externaltools.gnu-tools-for-stm32.9-2020-q2-update.win32_2.0.0.202105311346/tools/bin/../lib/gcc/arm-none-eabi/9.3.1/thumb/v7e-m+dp/hard/crti.o
LOAD d:/stm32cubeide_1.8.0/stm32cubeide/plugins/com.st.stm32cube.ide.mcu.externaltools.gnu-tools-for-stm32.9-2020-q2-update.win32_2.0.0.202105311346/tools/bin/../lib/gcc/arm-none-eabi/9.3.1/thumb/v7e-m+dp/hard/crtbegin.o
LOAD d:/stm32cubeide_1.8.0/stm32cubeide/plugins/com.st.stm32cube.ide.mcu.externaltools.gnu-tools-for-stm32.9-2020-q2-update.win32_2.0.0.202105311346/tools/bin/../lib/gcc/arm-none-eabi/9.3.1/../../../../arm-none-eabi/lib/thumb/v7e-m+dp/hard/crt0.o
LOAD ./Core/Src/DS1302.o
LOAD ./Core/Src/EEPROM.o
LOAD ./Core/Src/dwt_delay.o
LOAD ./Core/Src/main.o
LOAD ./Core/Src/ssd1306.o
LOAD ./Core/Src/ssd1306_fonts.o
LOAD ./Core/Src/ssd1306_tests.o
LOAD ./Core/Src/stm32h7xx_hal_msp.o
LOAD ./Core/Src/stm32h7xx_it.o
LOAD ./Core/Src/syscalls.o
LOAD ./Core/Src/sysmem.o
LOAD ./Core/Src/system_stm32h7xx.o
LOAD ./Core/Startup/startup_stm32h743zitx.o
LOAD ./Drivers/STM32H7xx_HAL_Driver/Src/stm32h7xx_hal.o
LOAD ./Drivers/STM32H7xx_HAL_Driver/Src/stm32h7xx_hal_adc.o
LOAD ./Drivers/STM32H7xx_HAL_Driver/Src/stm32h7xx_hal_adc_ex.o
LOAD ./Drivers/STM32H7xx_HAL_Driver/Src/stm32h7xx_hal_cortex.o
LOAD ./Drivers/STM32H7xx_HAL_Driver/Src/stm32h7xx_hal_dma.o
LOAD ./Drivers/STM32H7xx_HAL_Driver/Src/stm32h7xx_hal_dma_ex.o
LOAD ./Drivers/STM32H7xx_HAL_Driver/Src/stm32h7xx_hal_exti.o
LOAD ./Drivers/STM32H7xx_HAL_Driver/Src/stm32h7xx_hal_flash.o
LOAD ./Drivers/STM32H7xx_HAL_Driver/Src/stm32h7xx_hal_flash_ex.o
LOAD ./Drivers/STM32H7xx_HAL_Driver/Src/stm32h7xx_hal_gpio.o
LOAD ./Drivers/STM32H7xx_HAL_Driver/Src/stm32h7xx_hal_hsem.o
LOAD ./Drivers/STM32H7xx_HAL_Driver/Src/stm32h7xx_hal_i2c.o
LOAD ./Drivers/STM32H7xx_HAL_Driver/Src/stm32h7xx_hal_i2c_ex.o
LOAD ./Drivers/STM32H7xx_HAL_Driver/Src/stm32h7xx_hal_mdma.o
LOAD ./Drivers/STM32H7xx_HAL_Driver/Src/stm32h7xx_hal_pcd.o
LOAD ./Drivers/STM32H7xx_HAL_Driver/Src/stm32h7xx_hal_pcd_ex.o
LOAD ./Drivers/STM32H7xx_HAL_Driver/Src/stm32h7xx_hal_pwr.o
LOAD ./Drivers/STM32H7xx_HAL_Driver/Src/stm32h7xx_hal_pwr_ex.o
LOAD ./Drivers/STM32H7xx_HAL_Driver/Src/stm32h7xx_hal_rcc.o
LOAD ./Drivers/STM32H7xx_HAL_Driver/Src/stm32h7xx_hal_rcc_ex.o
LOAD ./Drivers/STM32H7xx_HAL_Driver/Src/stm32h7xx_hal_tim.o
LOAD ./Drivers/STM32H7xx_HAL_Driver/Src/stm32h7xx_hal_tim_ex.o
LOAD ./Drivers/STM32H7xx_HAL_Driver/Src/stm32h7xx_hal_uart.o
LOAD ./Drivers/STM32H7xx_HAL_Driver/Src/stm32h7xx_hal_uart_ex.o
LOAD ./Drivers/STM32H7xx_HAL_Driver/Src/stm32h7xx_ll_usb.o
START GROUP
LOAD d:/stm32cubeide_1.8.0/stm32cubeide/plugins/com.st.stm32cube.ide.mcu.externaltools.gnu-tools-for-stm32.9-2020-q2-update.win32_2.0.0.202105311346/tools/bin/../lib/gcc/arm-none-eabi/9.3.1/../../../../arm-none-eabi/lib/thumb/v7e-m+dp/hard\libc_nano.a
LOAD d:/stm32cubeide_1.8.0/stm32cubeide/plugins/com.st.stm32cube.ide.mcu.externaltools.gnu-tools-for-stm32.9-2020-q2-update.win32_2.0.0.202105311346/tools/bin/../lib/gcc/arm-none-eabi/9.3.1/../../../../arm-none-eabi/lib/thumb/v7e-m+dp/hard\libm.a
END GROUP
START GROUP
LOAD d:/stm32cubeide_1.8.0/stm32cubeide/plugins/com.st.stm32cube.ide.mcu.externaltools.gnu-tools-for-stm32.9-2020-q2-update.win32_2.0.0.202105311346/tools/bin/../lib/gcc/arm-none-eabi/9.3.1/thumb/v7e-m+dp/hard\libgcc.a
LOAD d:/stm32cubeide_1.8.0/stm32cubeide/plugins/com.st.stm32cube.ide.mcu.externaltools.gnu-tools-for-stm32.9-2020-q2-update.win32_2.0.0.202105311346/tools/bin/../lib/gcc/arm-none-eabi/9.3.1/../../../../arm-none-eabi/lib/thumb/v7e-m+dp/hard\libc_nano.a
END GROUP
START GROUP
LOAD d:/stm32cubeide_1.8.0/stm32cubeide/plugins/com.st.stm32cube.ide.mcu.externaltools.gnu-tools-for-stm32.9-2020-q2-update.win32_2.0.0.202105311346/tools/bin/../lib/gcc/arm-none-eabi/9.3.1/thumb/v7e-m+dp/hard\libgcc.a
LOAD d:/stm32cubeide_1.8.0/stm32cubeide/plugins/com.st.stm32cube.ide.mcu.externaltools.gnu-tools-for-stm32.9-2020-q2-update.win32_2.0.0.202105311346/tools/bin/../lib/gcc/arm-none-eabi/9.3.1/../../../../arm-none-eabi/lib/thumb/v7e-m+dp/hard\libc_nano.a
LOAD d:/stm32cubeide_1.8.0/stm32cubeide/plugins/com.st.stm32cube.ide.mcu.externaltools.gnu-tools-for-stm32.9-2020-q2-update.win32_2.0.0.202105311346/tools/bin/../lib/gcc/arm-none-eabi/9.3.1/../../../../arm-none-eabi/lib/thumb/v7e-m+dp/hard\libnosys.a
END GROUP
START GROUP
LOAD d:/stm32cubeide_1.8.0/stm32cubeide/plugins/com.st.stm32cube.ide.mcu.externaltools.gnu-tools-for-stm32.9-2020-q2-update.win32_2.0.0.202105311346/tools/bin/../lib/gcc/arm-none-eabi/9.3.1/thumb/v7e-m+dp/hard\libgcc.a
LOAD d:/stm32cubeide_1.8.0/stm32cubeide/plugins/com.st.stm32cube.ide.mcu.externaltools.gnu-tools-for-stm32.9-2020-q2-update.win32_2.0.0.202105311346/tools/bin/../lib/gcc/arm-none-eabi/9.3.1/../../../../arm-none-eabi/lib/thumb/v7e-m+dp/hard\libc_nano.a
LOAD d:/stm32cubeide_1.8.0/stm32cubeide/plugins/com.st.stm32cube.ide.mcu.externaltools.gnu-tools-for-stm32.9-2020-q2-update.win32_2.0.0.202105311346/tools/bin/../lib/gcc/arm-none-eabi/9.3.1/../../../../arm-none-eabi/lib/thumb/v7e-m+dp/hard\libnosys.a
END GROUP
LOAD d:/stm32cubeide_1.8.0/stm32cubeide/plugins/com.st.stm32cube.ide.mcu.externaltools.gnu-tools-for-stm32.9-2020-q2-update.win32_2.0.0.202105311346/tools/bin/../lib/gcc/arm-none-eabi/9.3.1/thumb/v7e-m+dp/hard/crtend.o
LOAD d:/stm32cubeide_1.8.0/stm32cubeide/plugins/com.st.stm32cube.ide.mcu.externaltools.gnu-tools-for-stm32.9-2020-q2-update.win32_2.0.0.202105311346/tools/bin/../lib/gcc/arm-none-eabi/9.3.1/thumb/v7e-m+dp/hard/crtn.o
                0x0000000024080000                _estack = (ORIGIN (RAM_D1) + LENGTH (RAM_D1))
                0x0000000000000200                _Min_Heap_Size = 0x200
                0x0000000000000400                _Min_Stack_Size = 0x400

.isr_vector     0x0000000008000000      0x298
                0x0000000008000000                . = ALIGN (0x4)
 *(.isr_vector)
 .isr_vector    0x0000000008000000      0x298 ./Core/Startup/startup_stm32h743zitx.o
                0x0000000008000000                g_pfnVectors
                0x0000000008000298                . = ALIGN (0x4)

.text           0x00000000080002a0     0xc0b0
                0x00000000080002a0                . = ALIGN (0x4)
 *(.text)
 .text          0x00000000080002a0       0x40 d:/stm32cubeide_1.8.0/stm32cubeide/plugins/com.st.stm32cube.ide.mcu.externaltools.gnu-tools-for-stm32.9-2020-q2-update.win32_2.0.0.202105311346/tools/bin/../lib/gcc/arm-none-eabi/9.3.1/thumb/v7e-m+dp/hard/crtbegin.o
 .text          0x00000000080002e0       0x10 d:/stm32cubeide_1.8.0/stm32cubeide/plugins/com.st.stm32cube.ide.mcu.externaltools.gnu-tools-for-stm32.9-2020-q2-update.win32_2.0.0.202105311346/tools/bin/../lib/gcc/arm-none-eabi/9.3.1/../../../../arm-none-eabi/lib/thumb/v7e-m+dp/hard\libc_nano.a(lib_a-strlen.o)
                0x00000000080002e0                strlen
 .text          0x00000000080002f0       0xa0 d:/stm32cubeide_1.8.0/stm32cubeide/plugins/com.st.stm32cube.ide.mcu.externaltools.gnu-tools-for-stm32.9-2020-q2-update.win32_2.0.0.202105311346/tools/bin/../lib/gcc/arm-none-eabi/9.3.1/../../../../arm-none-eabi/lib/thumb/v7e-m+dp/hard\libc_nano.a(lib_a-memchr.o)
                0x00000000080002f0                memchr
 .text          0x0000000008000390       0x30 d:/stm32cubeide_1.8.0/stm32cubeide/plugins/com.st.stm32cube.ide.mcu.externaltools.gnu-tools-for-stm32.9-2020-q2-update.win32_2.0.0.202105311346/tools/bin/../lib/gcc/arm-none-eabi/9.3.1/thumb/v7e-m+dp/hard\libgcc.a(_aeabi_uldivmod.o)
                0x0000000008000390                __aeabi_uldivmod
 .text          0x00000000080003c0      0x2c4 d:/stm32cubeide_1.8.0/stm32cubeide/plugins/com.st.stm32cube.ide.mcu.externaltools.gnu-tools-for-stm32.9-2020-q2-update.win32_2.0.0.202105311346/tools/bin/../lib/gcc/arm-none-eabi/9.3.1/thumb/v7e-m+dp/hard\libgcc.a(_udivmoddi4.o)
                0x00000000080003c0                __udivmoddi4
 .text          0x0000000008000684        0x4 d:/stm32cubeide_1.8.0/stm32cubeide/plugins/com.st.stm32cube.ide.mcu.externaltools.gnu-tools-for-stm32.9-2020-q2-update.win32_2.0.0.202105311346/tools/bin/../lib/gcc/arm-none-eabi/9.3.1/thumb/v7e-m+dp/hard\libgcc.a(_dvmd_tls.o)
                0x0000000008000684                __aeabi_idiv0
                0x0000000008000684                __aeabi_ldiv0
 *(.text*)
 .text.delayUS_DWT
                0x0000000008000688       0x48 ./Core/Src/DS1302.o
 .text.writeSDA
                0x00000000080006d0       0x28 ./Core/Src/DS1302.o
 .text.readSDA  0x00000000080006f8       0x2c ./Core/Src/DS1302.o
 .text.DS1302_SendCmd
                0x0000000008000724       0x64 ./Core/Src/DS1302.o
 .text.DS1302_WriteByte
                0x0000000008000788       0x8c ./Core/Src/DS1302.o
 .text.DS1302_ReadByte
                0x0000000008000814       0xa0 ./Core/Src/DS1302.o
 .text.DS1302_ReadTime
                0x00000000080008b4      0x148 ./Core/Src/DS1302.o
                0x00000000080008b4                DS1302_ReadTime
 .text.DS1302_Init
                0x00000000080009fc       0x54 ./Core/Src/DS1302.o
                0x00000000080009fc                DS1302_Init
 .text.DS1302_ClockStart
                0x0000000008000a50       0x46 ./Core/Src/DS1302.o
                0x0000000008000a50                DS1302_ClockStart
 *fill*         0x0000000008000a96        0x2 
 .text.DWT_Delay_Init
                0x0000000008000a98       0x60 ./Core/Src/dwt_delay.o
                0x0000000008000a98                DWT_Delay_Init
 .text.HAL_TIM_PeriodElapsedCallback
                0x0000000008000af8       0x84 ./Core/Src/main.o
                0x0000000008000af8                HAL_TIM_PeriodElapsedCallback
 .text.datalogger
                0x0000000008000b7c      0x210 ./Core/Src/main.o
                0x0000000008000b7c                datalogger
 .text.ADC_CH0_SELECT
                0x0000000008000d8c       0x54 ./Core/Src/main.o
                0x0000000008000d8c                ADC_CH0_SELECT
 .text.ADC_CH1_SELECT
                0x0000000008000de0       0x58 ./Core/Src/main.o
                0x0000000008000de0                ADC_CH1_SELECT
 .text.ADC_CH4_SELECT
                0x0000000008000e38       0x58 ./Core/Src/main.o
                0x0000000008000e38                ADC_CH4_SELECT
 .text.ADC_CH6_SELECT
                0x0000000008000e90       0x58 ./Core/Src/main.o
                0x0000000008000e90                ADC_CH6_SELECT
 .text.ADC_CH7_SELECT
                0x0000000008000ee8       0x58 ./Core/Src/main.o
                0x0000000008000ee8                ADC_CH7_SELECT
 .text.ADC_TAKE_ALL
                0x0000000008000f40      0x1f0 ./Core/Src/main.o
                0x0000000008000f40                ADC_TAKE_ALL
 .text.uarttrigger
                0x0000000008001130      0x1c4 ./Core/Src/main.o
                0x0000000008001130                uarttrigger
 .text.main     0x00000000080012f4      0x354 ./Core/Src/main.o
                0x00000000080012f4                main
 .text.SystemClock_Config
                0x0000000008001648      0x100 ./Core/Src/main.o
                0x0000000008001648                SystemClock_Config
 .text.PeriphCommonClock_Config
                0x0000000008001748       0x36 ./Core/Src/main.o
                0x0000000008001748                PeriphCommonClock_Config
 *fill*         0x000000000800177e        0x2 
 .text.MX_ADC3_Init
                0x0000000008001780       0xc4 ./Core/Src/main.o
 .text.MX_I2C1_Init
                0x0000000008001844       0x80 ./Core/Src/main.o
 .text.MX_TIM1_Init
                0x00000000080018c4       0xa8 ./Core/Src/main.o
 .text.MX_TIM3_Init
                0x000000000800196c       0xa0 ./Core/Src/main.o
 .text.MX_TIM4_Init
                0x0000000008001a0c       0xac ./Core/Src/main.o
 .text.MX_TIM5_Init
                0x0000000008001ab8       0xb0 ./Core/Src/main.o
 .text.MX_TIM14_Init
                0x0000000008001b68       0x9c ./Core/Src/main.o
 .text.MX_USART3_UART_Init
                0x0000000008001c04       0x98 ./Core/Src/main.o
 .text.MX_USB_OTG_FS_PCD_Init
                0x0000000008001c9c       0x64 ./Core/Src/main.o
 .text.MX_GPIO_Init
                0x0000000008001d00      0x30c ./Core/Src/main.o
 .text.Error_Handler
                0x000000000800200c       0x3c ./Core/Src/main.o
                0x000000000800200c                Error_Handler
 .text.ssd1306_Reset
                0x0000000008002048        0xe ./Core/Src/ssd1306.o
                0x0000000008002048                ssd1306_Reset
 *fill*         0x0000000008002056        0x2 
 .text.ssd1306_WriteCommand
                0x0000000008002058       0x30 ./Core/Src/ssd1306.o
                0x0000000008002058                ssd1306_WriteCommand
 .text.ssd1306_WriteData
                0x0000000008002088       0x34 ./Core/Src/ssd1306.o
                0x0000000008002088                ssd1306_WriteData
 .text.ssd1306_Init
                0x00000000080020bc       0xd4 ./Core/Src/ssd1306.o
                0x00000000080020bc                ssd1306_Init
 .text.ssd1306_Fill
                0x0000000008002190       0x48 ./Core/Src/ssd1306.o
                0x0000000008002190                ssd1306_Fill
 .text.ssd1306_UpdateScreen
                0x00000000080021d8       0x50 ./Core/Src/ssd1306.o
                0x00000000080021d8                ssd1306_UpdateScreen
 .text.ssd1306_DrawPixel
                0x0000000008002228       0xa8 ./Core/Src/ssd1306.o
                0x0000000008002228                ssd1306_DrawPixel
 .text.ssd1306_WriteChar
                0x00000000080022d0      0x110 ./Core/Src/ssd1306.o
                0x00000000080022d0                ssd1306_WriteChar
 .text.ssd1306_WriteString
                0x00000000080023e0       0x4c ./Core/Src/ssd1306.o
                0x00000000080023e0                ssd1306_WriteString
 .text.ssd1306_SetCursor
                0x000000000800242c       0x30 ./Core/Src/ssd1306.o
                0x000000000800242c                ssd1306_SetCursor
 .text.ssd1306_DrawFilledRectangle
                0x000000000800245c       0x66 ./Core/Src/ssd1306.o
                0x000000000800245c                ssd1306_DrawFilledRectangle
 .text.ssd1306_SetContrast
                0x00000000080024c2       0x26 ./Core/Src/ssd1306.o
                0x00000000080024c2                ssd1306_SetContrast
 .text.ssd1306_SetDisplayOn
                0x00000000080024e8       0x3c ./Core/Src/ssd1306.o
                0x00000000080024e8                ssd1306_SetDisplayOn
 .text.HAL_MspInit
                0x0000000008002524       0x34 ./Core/Src/stm32h7xx_hal_msp.o
                0x0000000008002524                HAL_MspInit
 .text.HAL_ADC_MspInit
                0x0000000008002558       0xf8 ./Core/Src/stm32h7xx_hal_msp.o
                0x0000000008002558                HAL_ADC_MspInit
 .text.HAL_I2C_MspInit
                0x0000000008002650       0xcc ./Core/Src/stm32h7xx_hal_msp.o
                0x0000000008002650                HAL_I2C_MspInit
 .text.HAL_TIM_Base_MspInit
                0x000000000800271c       0xec ./Core/Src/stm32h7xx_hal_msp.o
                0x000000000800271c                HAL_TIM_Base_MspInit
 .text.HAL_TIM_Encoder_MspInit
                0x0000000008002808       0x94 ./Core/Src/stm32h7xx_hal_msp.o
                0x0000000008002808                HAL_TIM_Encoder_MspInit
 .text.HAL_TIM_MspPostInit
                0x000000000800289c       0x78 ./Core/Src/stm32h7xx_hal_msp.o
                0x000000000800289c                HAL_TIM_MspPostInit
 .text.HAL_UART_MspInit
                0x0000000008002914       0xcc ./Core/Src/stm32h7xx_hal_msp.o
                0x0000000008002914                HAL_UART_MspInit
 .text.HAL_PCD_MspInit
                0x00000000080029e0       0xf4 ./Core/Src/stm32h7xx_hal_msp.o
                0x00000000080029e0                HAL_PCD_MspInit
 .text.NMI_Handler
                0x0000000008002ad4        0x6 ./Core/Src/stm32h7xx_it.o
                0x0000000008002ad4                NMI_Handler
 .text.HardFault_Handler
                0x0000000008002ada        0x6 ./Core/Src/stm32h7xx_it.o
                0x0000000008002ada                HardFault_Handler
 .text.MemManage_Handler
                0x0000000008002ae0        0x6 ./Core/Src/stm32h7xx_it.o
                0x0000000008002ae0                MemManage_Handler
 .text.BusFault_Handler
                0x0000000008002ae6        0x6 ./Core/Src/stm32h7xx_it.o
                0x0000000008002ae6                BusFault_Handler
 .text.UsageFault_Handler
                0x0000000008002aec        0x6 ./Core/Src/stm32h7xx_it.o
                0x0000000008002aec                UsageFault_Handler
 .text.SVC_Handler
                0x0000000008002af2        0xe ./Core/Src/stm32h7xx_it.o
                0x0000000008002af2                SVC_Handler
 .text.DebugMon_Handler
                0x0000000008002b00        0xe ./Core/Src/stm32h7xx_it.o
                0x0000000008002b00                DebugMon_Handler
 .text.PendSV_Handler
                0x0000000008002b0e        0xe ./Core/Src/stm32h7xx_it.o
                0x0000000008002b0e                PendSV_Handler
 .text.SysTick_Handler
                0x0000000008002b1c        0xc ./Core/Src/stm32h7xx_it.o
                0x0000000008002b1c                SysTick_Handler
 .text.TIM3_IRQHandler
                0x0000000008002b28       0x14 ./Core/Src/stm32h7xx_it.o
                0x0000000008002b28                TIM3_IRQHandler
 .text.TIM5_IRQHandler
                0x0000000008002b3c       0x14 ./Core/Src/stm32h7xx_it.o
                0x0000000008002b3c                TIM5_IRQHandler
 .text._sbrk    0x0000000008002b50       0x6c ./Core/Src/sysmem.o
                0x0000000008002b50                _sbrk
 .text.SystemInit
                0x0000000008002bbc      0x110 ./Core/Src/system_stm32h7xx.o
                0x0000000008002bbc                SystemInit
 .text.Reset_Handler
                0x0000000008002ccc       0x50 ./Core/Startup/startup_stm32h743zitx.o
                0x0000000008002ccc                Reset_Handler
 .text.Default_Handler
                0x0000000008002d1c        0x2 ./Core/Startup/startup_stm32h743zitx.o
                0x0000000008002d1c                RTC_Alarm_IRQHandler
                0x0000000008002d1c                EXTI2_IRQHandler
                0x0000000008002d1c                TIM8_CC_IRQHandler
                0x0000000008002d1c                HRTIM1_Master_IRQHandler
                0x0000000008002d1c                UART8_IRQHandler
                0x0000000008002d1c                SPI4_IRQHandler
                0x0000000008002d1c                TIM1_CC_IRQHandler
                0x0000000008002d1c                BDMA_Channel6_IRQHandler
                0x0000000008002d1c                DMA2_Stream5_IRQHandler
                0x0000000008002d1c                HRTIM1_FLT_IRQHandler
                0x0000000008002d1c                JPEG_IRQHandler
                0x0000000008002d1c                DMA1_Stream5_IRQHandler
                0x0000000008002d1c                BDMA_Channel1_IRQHandler
                0x0000000008002d1c                HRTIM1_TIMD_IRQHandler
                0x0000000008002d1c                TAMP_STAMP_IRQHandler
                0x0000000008002d1c                EXTI3_IRQHandler
                0x0000000008002d1c                LPTIM4_IRQHandler
                0x0000000008002d1c                TIM8_TRG_COM_TIM14_IRQHandler
                0x0000000008002d1c                LPTIM2_IRQHandler
                0x0000000008002d1c                DFSDM1_FLT1_IRQHandler
                0x0000000008002d1c                DMAMUX2_OVR_IRQHandler
                0x0000000008002d1c                TIM8_UP_TIM13_IRQHandler
                0x0000000008002d1c                I2C3_ER_IRQHandler
                0x0000000008002d1c                DFSDM1_FLT2_IRQHandler
                0x0000000008002d1c                MDMA_IRQHandler
                0x0000000008002d1c                LPTIM3_IRQHandler
                0x0000000008002d1c                HSEM1_IRQHandler
                0x0000000008002d1c                EXTI0_IRQHandler
                0x0000000008002d1c                I2C2_EV_IRQHandler
                0x0000000008002d1c                DMA1_Stream2_IRQHandler
                0x0000000008002d1c                FPU_IRQHandler
                0x0000000008002d1c                OTG_HS_WKUP_IRQHandler
                0x0000000008002d1c                FDCAN1_IT1_IRQHandler
                0x0000000008002d1c                LTDC_ER_IRQHandler
                0x0000000008002d1c                DMA2_Stream2_IRQHandler
                0x0000000008002d1c                HRTIM1_TIME_IRQHandler
                0x0000000008002d1c                SPI1_IRQHandler
                0x0000000008002d1c                TIM6_DAC_IRQHandler
                0x0000000008002d1c                DCMI_IRQHandler
                0x0000000008002d1c                HRTIM1_TIMC_IRQHandler
                0x0000000008002d1c                DMA2_Stream3_IRQHandler
                0x0000000008002d1c                SAI2_IRQHandler
                0x0000000008002d1c                DFSDM1_FLT3_IRQHandler
                0x0000000008002d1c                USART6_IRQHandler
                0x0000000008002d1c                TIM17_IRQHandler
                0x0000000008002d1c                USART3_IRQHandler
                0x0000000008002d1c                BDMA_Channel7_IRQHandler
                0x0000000008002d1c                LPTIM5_IRQHandler
                0x0000000008002d1c                UART5_IRQHandler
                0x0000000008002d1c                ADC3_IRQHandler
                0x0000000008002d1c                DMA2_Stream0_IRQHandler
                0x0000000008002d1c                TIM4_IRQHandler
                0x0000000008002d1c                BDMA_Channel2_IRQHandler
                0x0000000008002d1c                QUADSPI_IRQHandler
                0x0000000008002d1c                I2C1_EV_IRQHandler
                0x0000000008002d1c                DMA1_Stream6_IRQHandler
                0x0000000008002d1c                DMAMUX1_OVR_IRQHandler
                0x0000000008002d1c                DMA1_Stream1_IRQHandler
                0x0000000008002d1c                TIM16_IRQHandler
                0x0000000008002d1c                UART4_IRQHandler
                0x0000000008002d1c                BDMA_Channel5_IRQHandler
                0x0000000008002d1c                RCC_IRQHandler
                0x0000000008002d1c                TIM8_BRK_TIM12_IRQHandler
                0x0000000008002d1c                TIM1_TRG_COM_IRQHandler
                0x0000000008002d1c                Default_Handler
                0x0000000008002d1c                ECC_IRQHandler
                0x0000000008002d1c                CEC_IRQHandler
                0x0000000008002d1c                EXTI15_10_IRQHandler
                0x0000000008002d1c                BDMA_Channel0_IRQHandler
                0x0000000008002d1c                ADC_IRQHandler
                0x0000000008002d1c                DMA1_Stream7_IRQHandler
                0x0000000008002d1c                HRTIM1_TIMA_IRQHandler
                0x0000000008002d1c                SPI5_IRQHandler
                0x0000000008002d1c                TIM7_IRQHandler
                0x0000000008002d1c                SDMMC1_IRQHandler
                0x0000000008002d1c                DMA2_Stream7_IRQHandler
                0x0000000008002d1c                TIM15_IRQHandler
                0x0000000008002d1c                PVD_AVD_IRQHandler
                0x0000000008002d1c                I2C3_EV_IRQHandler
                0x0000000008002d1c                EXTI9_5_IRQHandler
                0x0000000008002d1c                RTC_WKUP_IRQHandler
                0x0000000008002d1c                LTDC_IRQHandler
                0x0000000008002d1c                SAI3_IRQHandler
                0x0000000008002d1c                ETH_WKUP_IRQHandler
                0x0000000008002d1c                SPDIF_RX_IRQHandler
                0x0000000008002d1c                SPI2_IRQHandler
                0x0000000008002d1c                OTG_HS_EP1_IN_IRQHandler
                0x0000000008002d1c                DMA1_Stream0_IRQHandler
                0x0000000008002d1c                CRS_IRQHandler
                0x0000000008002d1c                EXTI4_IRQHandler
                0x0000000008002d1c                RNG_IRQHandler
                0x0000000008002d1c                HRTIM1_TIMB_IRQHandler
                0x0000000008002d1c                FDCAN2_IT1_IRQHandler
                0x0000000008002d1c                ETH_IRQHandler
                0x0000000008002d1c                TIM1_UP_IRQHandler
                0x0000000008002d1c                BDMA_Channel4_IRQHandler
                0x0000000008002d1c                OTG_HS_EP1_OUT_IRQHandler
                0x0000000008002d1c                WWDG_IRQHandler
                0x0000000008002d1c                SPI6_IRQHandler
                0x0000000008002d1c                MDIOS_IRQHandler
                0x0000000008002d1c                I2C4_EV_IRQHandler
                0x0000000008002d1c                FDCAN2_IT0_IRQHandler
                0x0000000008002d1c                LPUART1_IRQHandler
                0x0000000008002d1c                FDCAN1_IT0_IRQHandler
                0x0000000008002d1c                TIM2_IRQHandler
                0x0000000008002d1c                OTG_FS_WKUP_IRQHandler
                0x0000000008002d1c                OTG_HS_IRQHandler
                0x0000000008002d1c                DMA2D_IRQHandler
                0x0000000008002d1c                TIM1_BRK_IRQHandler
                0x0000000008002d1c                EXTI1_IRQHandler
                0x0000000008002d1c                SDMMC2_IRQHandler
                0x0000000008002d1c                OTG_FS_EP1_OUT_IRQHandler
                0x0000000008002d1c                BDMA_Channel3_IRQHandler
                0x0000000008002d1c                UART7_IRQHandler
                0x0000000008002d1c                MDIOS_WKUP_IRQHandler
                0x0000000008002d1c                USART2_IRQHandler
                0x0000000008002d1c                DFSDM1_FLT0_IRQHandler
                0x0000000008002d1c                SAI4_IRQHandler
                0x0000000008002d1c                I2C2_ER_IRQHandler
                0x0000000008002d1c                DMA2_Stream1_IRQHandler
                0x0000000008002d1c                FLASH_IRQHandler
                0x0000000008002d1c                DMA2_Stream4_IRQHandler
                0x0000000008002d1c                USART1_IRQHandler
                0x0000000008002d1c                OTG_FS_IRQHandler
                0x0000000008002d1c                SPI3_IRQHandler
                0x0000000008002d1c                WAKEUP_PIN_IRQHandler
                0x0000000008002d1c                DMA1_Stream4_IRQHandler
                0x0000000008002d1c                OTG_FS_EP1_IN_IRQHandler
                0x0000000008002d1c                I2C1_ER_IRQHandler
                0x0000000008002d1c                FMC_IRQHandler
                0x0000000008002d1c                FDCAN_CAL_IRQHandler
                0x0000000008002d1c                SWPMI1_IRQHandler
                0x0000000008002d1c                COMP1_IRQHandler
                0x0000000008002d1c                LPTIM1_IRQHandler
                0x0000000008002d1c                I2C4_ER_IRQHandler
                0x0000000008002d1c                DMA2_Stream6_IRQHandler
                0x0000000008002d1c                SAI1_IRQHandler
                0x0000000008002d1c                DMA1_Stream3_IRQHandler
 *fill*         0x0000000008002d1e        0x2 
 .text.HAL_Init
                0x0000000008002d20       0x78 ./Drivers/STM32H7xx_HAL_Driver/Src/stm32h7xx_hal.o
                0x0000000008002d20                HAL_Init
 .text.HAL_InitTick
                0x0000000008002d98       0x6c ./Drivers/STM32H7xx_HAL_Driver/Src/stm32h7xx_hal.o
                0x0000000008002d98                HAL_InitTick
 .text.HAL_IncTick
                0x0000000008002e04       0x28 ./Drivers/STM32H7xx_HAL_Driver/Src/stm32h7xx_hal.o
                0x0000000008002e04                HAL_IncTick
 .text.HAL_GetTick
                0x0000000008002e2c       0x18 ./Drivers/STM32H7xx_HAL_Driver/Src/stm32h7xx_hal.o
                0x0000000008002e2c                HAL_GetTick
 .text.HAL_Delay
                0x0000000008002e44       0x48 ./Drivers/STM32H7xx_HAL_Driver/Src/stm32h7xx_hal.o
                0x0000000008002e44                HAL_Delay
 .text.HAL_GetREVID
                0x0000000008002e8c       0x18 ./Drivers/STM32H7xx_HAL_Driver/Src/stm32h7xx_hal.o
                0x0000000008002e8c                HAL_GetREVID
 .text.HAL_SYSCFG_AnalogSwitchConfig
                0x0000000008002ea4       0x2c ./Drivers/STM32H7xx_HAL_Driver/Src/stm32h7xx_hal.o
                0x0000000008002ea4                HAL_SYSCFG_AnalogSwitchConfig
 .text.LL_ADC_SetCommonClock
                0x0000000008002ed0       0x26 ./Drivers/STM32H7xx_HAL_Driver/Src/stm32h7xx_hal_adc.o
 .text.LL_ADC_SetCommonPathInternalCh
                0x0000000008002ef6       0x26 ./Drivers/STM32H7xx_HAL_Driver/Src/stm32h7xx_hal_adc.o
 .text.LL_ADC_GetCommonPathInternalCh
                0x0000000008002f1c       0x1c ./Drivers/STM32H7xx_HAL_Driver/Src/stm32h7xx_hal_adc.o
 .text.LL_ADC_SetOffset
                0x0000000008002f38       0x40 ./Drivers/STM32H7xx_HAL_Driver/Src/stm32h7xx_hal_adc.o
 .text.LL_ADC_SetDataRightShift
                0x0000000008002f78       0x32 ./Drivers/STM32H7xx_HAL_Driver/Src/stm32h7xx_hal_adc.o
 .text.LL_ADC_SetOffsetSignedSaturation
                0x0000000008002faa       0x36 ./Drivers/STM32H7xx_HAL_Driver/Src/stm32h7xx_hal_adc.o
 .text.LL_ADC_REG_IsTriggerSourceSWStart
                0x0000000008002fe0       0x26 ./Drivers/STM32H7xx_HAL_Driver/Src/stm32h7xx_hal_adc.o
 .text.LL_ADC_REG_SetSequencerRanks
                0x0000000008003006       0x58 ./Drivers/STM32H7xx_HAL_Driver/Src/stm32h7xx_hal_adc.o
 .text.LL_ADC_SetChannelSamplingTime
                0x000000000800305e       0x56 ./Drivers/STM32H7xx_HAL_Driver/Src/stm32h7xx_hal_adc.o
 .text.LL_ADC_SetChannelSingleDiff
                0x00000000080030b4       0x48 ./Drivers/STM32H7xx_HAL_Driver/Src/stm32h7xx_hal_adc.o
 .text.LL_ADC_GetMultimode
                0x00000000080030fc       0x1c ./Drivers/STM32H7xx_HAL_Driver/Src/stm32h7xx_hal_adc.o
 .text.LL_ADC_GetMultiDMATransfer
                0x0000000008003118       0x1c ./Drivers/STM32H7xx_HAL_Driver/Src/stm32h7xx_hal_adc.o
 .text.LL_ADC_DisableDeepPowerDown
                0x0000000008003134       0x24 ./Drivers/STM32H7xx_HAL_Driver/Src/stm32h7xx_hal_adc.o
 .text.LL_ADC_IsDeepPowerDownEnabled
                0x0000000008003158       0x28 ./Drivers/STM32H7xx_HAL_Driver/Src/stm32h7xx_hal_adc.o
 .text.LL_ADC_EnableInternalRegulator
                0x0000000008003180       0x28 ./Drivers/STM32H7xx_HAL_Driver/Src/stm32h7xx_hal_adc.o
 .text.LL_ADC_IsInternalRegulatorEnabled
                0x00000000080031a8       0x28 ./Drivers/STM32H7xx_HAL_Driver/Src/stm32h7xx_hal_adc.o
 .text.LL_ADC_Enable
                0x00000000080031d0       0x28 ./Drivers/STM32H7xx_HAL_Driver/Src/stm32h7xx_hal_adc.o
 .text.LL_ADC_Disable
                0x00000000080031f8       0x28 ./Drivers/STM32H7xx_HAL_Driver/Src/stm32h7xx_hal_adc.o
 .text.LL_ADC_IsEnabled
                0x0000000008003220       0x26 ./Drivers/STM32H7xx_HAL_Driver/Src/stm32h7xx_hal_adc.o
 .text.LL_ADC_IsDisableOngoing
                0x0000000008003246       0x26 ./Drivers/STM32H7xx_HAL_Driver/Src/stm32h7xx_hal_adc.o
 .text.LL_ADC_REG_StartConversion
                0x000000000800326c       0x28 ./Drivers/STM32H7xx_HAL_Driver/Src/stm32h7xx_hal_adc.o
 .text.LL_ADC_REG_StopConversion
                0x0000000008003294       0x28 ./Drivers/STM32H7xx_HAL_Driver/Src/stm32h7xx_hal_adc.o
 .text.LL_ADC_REG_IsConversionOngoing
                0x00000000080032bc       0x26 ./Drivers/STM32H7xx_HAL_Driver/Src/stm32h7xx_hal_adc.o
 *fill*         0x00000000080032e2        0x2 
 .text.LL_ADC_INJ_StopConversion
                0x00000000080032e4       0x28 ./Drivers/STM32H7xx_HAL_Driver/Src/stm32h7xx_hal_adc.o
 .text.LL_ADC_INJ_IsConversionOngoing
                0x000000000800330c       0x26 ./Drivers/STM32H7xx_HAL_Driver/Src/stm32h7xx_hal_adc.o
 *fill*         0x0000000008003332        0x2 
 .text.HAL_ADC_Init
                0x0000000008003334      0x340 ./Drivers/STM32H7xx_HAL_Driver/Src/stm32h7xx_hal_adc.o
                0x0000000008003334                HAL_ADC_Init
 .text.HAL_ADC_Start
                0x0000000008003674      0x194 ./Drivers/STM32H7xx_HAL_Driver/Src/stm32h7xx_hal_adc.o
                0x0000000008003674                HAL_ADC_Start
 .text.HAL_ADC_Stop
                0x0000000008003808       0x68 ./Drivers/STM32H7xx_HAL_Driver/Src/stm32h7xx_hal_adc.o
                0x0000000008003808                HAL_ADC_Stop
 .text.HAL_ADC_PollForConversion
                0x0000000008003870      0x1e8 ./Drivers/STM32H7xx_HAL_Driver/Src/stm32h7xx_hal_adc.o
                0x0000000008003870                HAL_ADC_PollForConversion
 .text.HAL_ADC_GetValue
                0x0000000008003a58       0x1a ./Drivers/STM32H7xx_HAL_Driver/Src/stm32h7xx_hal_adc.o
                0x0000000008003a58                HAL_ADC_GetValue
 *fill*         0x0000000008003a72        0x2 
 .text.HAL_ADC_ConfigChannel
                0x0000000008003a74      0x6a0 ./Drivers/STM32H7xx_HAL_Driver/Src/stm32h7xx_hal_adc.o
                0x0000000008003a74                HAL_ADC_ConfigChannel
 .text.ADC_ConversionStop
                0x0000000008004114      0x178 ./Drivers/STM32H7xx_HAL_Driver/Src/stm32h7xx_hal_adc.o
                0x0000000008004114                ADC_ConversionStop
 .text.ADC_Enable
                0x000000000800428c      0x114 ./Drivers/STM32H7xx_HAL_Driver/Src/stm32h7xx_hal_adc.o
                0x000000000800428c                ADC_Enable
 .text.ADC_Disable
                0x00000000080043a0       0xbe ./Drivers/STM32H7xx_HAL_Driver/Src/stm32h7xx_hal_adc.o
                0x00000000080043a0                ADC_Disable
 *fill*         0x000000000800445e        0x2 
 .text.ADC_ConfigureBoostMode
                0x0000000008004460      0x214 ./Drivers/STM32H7xx_HAL_Driver/Src/stm32h7xx_hal_adc.o
                0x0000000008004460                ADC_ConfigureBoostMode
 .text.__NVIC_SetPriorityGrouping
                0x0000000008004674       0x48 ./Drivers/STM32H7xx_HAL_Driver/Src/stm32h7xx_hal_cortex.o
 .text.__NVIC_GetPriorityGrouping
                0x00000000080046bc       0x1c ./Drivers/STM32H7xx_HAL_Driver/Src/stm32h7xx_hal_cortex.o
 .text.__NVIC_EnableIRQ
                0x00000000080046d8       0x3c ./Drivers/STM32H7xx_HAL_Driver/Src/stm32h7xx_hal_cortex.o
 .text.__NVIC_SetPriority
                0x0000000008004714       0x54 ./Drivers/STM32H7xx_HAL_Driver/Src/stm32h7xx_hal_cortex.o
 .text.NVIC_EncodePriority
                0x0000000008004768       0x66 ./Drivers/STM32H7xx_HAL_Driver/Src/stm32h7xx_hal_cortex.o
 *fill*         0x00000000080047ce        0x2 
 .text.SysTick_Config
                0x00000000080047d0       0x44 ./Drivers/STM32H7xx_HAL_Driver/Src/stm32h7xx_hal_cortex.o
 .text.HAL_NVIC_SetPriorityGrouping
                0x0000000008004814       0x16 ./Drivers/STM32H7xx_HAL_Driver/Src/stm32h7xx_hal_cortex.o
                0x0000000008004814                HAL_NVIC_SetPriorityGrouping
 .text.HAL_NVIC_SetPriority
                0x000000000800482a       0x34 ./Drivers/STM32H7xx_HAL_Driver/Src/stm32h7xx_hal_cortex.o
                0x000000000800482a                HAL_NVIC_SetPriority
 .text.HAL_NVIC_EnableIRQ
                0x000000000800485e       0x1c ./Drivers/STM32H7xx_HAL_Driver/Src/stm32h7xx_hal_cortex.o
                0x000000000800485e                HAL_NVIC_EnableIRQ
 .text.HAL_SYSTICK_Config
                0x000000000800487a       0x18 ./Drivers/STM32H7xx_HAL_Driver/Src/stm32h7xx_hal_cortex.o
                0x000000000800487a                HAL_SYSTICK_Config
 *fill*         0x0000000008004892        0x2 
 .text.HAL_GPIO_Init
                0x0000000008004894      0x360 ./Drivers/STM32H7xx_HAL_Driver/Src/stm32h7xx_hal_gpio.o
                0x0000000008004894                HAL_GPIO_Init
 .text.HAL_GPIO_ReadPin
                0x0000000008004bf4       0x30 ./Drivers/STM32H7xx_HAL_Driver/Src/stm32h7xx_hal_gpio.o
                0x0000000008004bf4                HAL_GPIO_ReadPin
 .text.HAL_GPIO_WritePin
                0x0000000008004c24       0x32 ./Drivers/STM32H7xx_HAL_Driver/Src/stm32h7xx_hal_gpio.o
                0x0000000008004c24                HAL_GPIO_WritePin
 *fill*         0x0000000008004c56        0x2 
 .text.HAL_I2C_Init
                0x0000000008004c58      0x120 ./Drivers/STM32H7xx_HAL_Driver/Src/stm32h7xx_hal_i2c.o
                0x0000000008004c58                HAL_I2C_Init
 .text.HAL_I2C_Mem_Write
                0x0000000008004d78      0x228 ./Drivers/STM32H7xx_HAL_Driver/Src/stm32h7xx_hal_i2c.o
                0x0000000008004d78                HAL_I2C_Mem_Write
 .text.I2C_RequestMemoryWrite
                0x0000000008004fa0       0xa8 ./Drivers/STM32H7xx_HAL_Driver/Src/stm32h7xx_hal_i2c.o
 .text.I2C_Flush_TXDR
                0x0000000008005048       0x48 ./Drivers/STM32H7xx_HAL_Driver/Src/stm32h7xx_hal_i2c.o
 .text.I2C_WaitOnFlagUntilTimeout
                0x0000000008005090       0x80 ./Drivers/STM32H7xx_HAL_Driver/Src/stm32h7xx_hal_i2c.o
 .text.I2C_WaitOnTXISFlagUntilTimeout
                0x0000000008005110       0x80 ./Drivers/STM32H7xx_HAL_Driver/Src/stm32h7xx_hal_i2c.o
 .text.I2C_WaitOnSTOPFlagUntilTimeout
                0x0000000008005190       0x78 ./Drivers/STM32H7xx_HAL_Driver/Src/stm32h7xx_hal_i2c.o
 .text.I2C_IsErrorOccurred
                0x0000000008005208      0x1d8 ./Drivers/STM32H7xx_HAL_Driver/Src/stm32h7xx_hal_i2c.o
 .text.I2C_TransferConfig
                0x00000000080053e0       0x64 ./Drivers/STM32H7xx_HAL_Driver/Src/stm32h7xx_hal_i2c.o
 .text.HAL_I2CEx_ConfigAnalogFilter
                0x0000000008005444       0x96 ./Drivers/STM32H7xx_HAL_Driver/Src/stm32h7xx_hal_i2c_ex.o
                0x0000000008005444                HAL_I2CEx_ConfigAnalogFilter
 .text.HAL_I2CEx_ConfigDigitalFilter
                0x00000000080054da       0x98 ./Drivers/STM32H7xx_HAL_Driver/Src/stm32h7xx_hal_i2c_ex.o
                0x00000000080054da                HAL_I2CEx_ConfigDigitalFilter
 .text.HAL_PCD_Init
                0x0000000008005572      0x248 ./Drivers/STM32H7xx_HAL_Driver/Src/stm32h7xx_hal_pcd.o
                0x0000000008005572                HAL_PCD_Init
 *fill*         0x00000000080057ba        0x2 
 .text.HAL_PCDEx_ActivateLPM
                0x00000000080057bc       0x48 ./Drivers/STM32H7xx_HAL_Driver/Src/stm32h7xx_hal_pcd_ex.o
                0x00000000080057bc                HAL_PCDEx_ActivateLPM
 .text.HAL_PWREx_ConfigSupply
                0x0000000008005804       0x74 ./Drivers/STM32H7xx_HAL_Driver/Src/stm32h7xx_hal_pwr_ex.o
                0x0000000008005804                HAL_PWREx_ConfigSupply
 .text.HAL_PWREx_EnableUSBVoltageDetector
                0x0000000008005878       0x20 ./Drivers/STM32H7xx_HAL_Driver/Src/stm32h7xx_hal_pwr_ex.o
                0x0000000008005878                HAL_PWREx_EnableUSBVoltageDetector
 .text.HAL_RCC_OscConfig
                0x0000000008005898      0x858 ./Drivers/STM32H7xx_HAL_Driver/Src/stm32h7xx_hal_rcc.o
                0x0000000008005898                HAL_RCC_OscConfig
 .text.HAL_RCC_ClockConfig
                0x00000000080060f0      0x36c ./Drivers/STM32H7xx_HAL_Driver/Src/stm32h7xx_hal_rcc.o
                0x00000000080060f0                HAL_RCC_ClockConfig
 .text.HAL_RCC_GetSysClockFreq
                0x000000000800645c      0x2f4 ./Drivers/STM32H7xx_HAL_Driver/Src/stm32h7xx_hal_rcc.o
                0x000000000800645c                HAL_RCC_GetSysClockFreq
 .text.HAL_RCC_GetHCLKFreq
                0x0000000008006750       0x60 ./Drivers/STM32H7xx_HAL_Driver/Src/stm32h7xx_hal_rcc.o
                0x0000000008006750                HAL_RCC_GetHCLKFreq
 .text.HAL_RCC_GetPCLK1Freq
                0x00000000080067b0       0x2c ./Drivers/STM32H7xx_HAL_Driver/Src/stm32h7xx_hal_rcc.o
                0x00000000080067b0                HAL_RCC_GetPCLK1Freq
 .text.HAL_RCC_GetPCLK2Freq
                0x00000000080067dc       0x2c ./Drivers/STM32H7xx_HAL_Driver/Src/stm32h7xx_hal_rcc.o
                0x00000000080067dc                HAL_RCC_GetPCLK2Freq
 .text.HAL_RCCEx_PeriphCLKConfig
                0x0000000008006808      0xe80 ./Drivers/STM32H7xx_HAL_Driver/Src/stm32h7xx_hal_rcc_ex.o
                0x0000000008006808                HAL_RCCEx_PeriphCLKConfig
 .text.HAL_RCCEx_GetPeriphCLKFreq
                0x0000000008007688      0x9a4 ./Drivers/STM32H7xx_HAL_Driver/Src/stm32h7xx_hal_rcc_ex.o
                0x0000000008007688                HAL_RCCEx_GetPeriphCLKFreq
 .text.HAL_RCCEx_GetD3PCLK1Freq
                0x000000000800802c       0x2c ./Drivers/STM32H7xx_HAL_Driver/Src/stm32h7xx_hal_rcc_ex.o
                0x000000000800802c                HAL_RCCEx_GetD3PCLK1Freq
 .text.HAL_RCCEx_GetPLL2ClockFreq
                0x0000000008008058      0x2a8 ./Drivers/STM32H7xx_HAL_Driver/Src/stm32h7xx_hal_rcc_ex.o
                0x0000000008008058                HAL_RCCEx_GetPLL2ClockFreq
 .text.HAL_RCCEx_GetPLL3ClockFreq
                0x0000000008008300      0x2a8 ./Drivers/STM32H7xx_HAL_Driver/Src/stm32h7xx_hal_rcc_ex.o
                0x0000000008008300                HAL_RCCEx_GetPLL3ClockFreq
 .text.HAL_RCCEx_GetPLL1ClockFreq
                0x00000000080085a8      0x2a4 ./Drivers/STM32H7xx_HAL_Driver/Src/stm32h7xx_hal_rcc_ex.o
                0x00000000080085a8                HAL_RCCEx_GetPLL1ClockFreq
 .text.RCCEx_PLL2_Config
                0x000000000800884c      0x164 ./Drivers/STM32H7xx_HAL_Driver/Src/stm32h7xx_hal_rcc_ex.o
 .text.RCCEx_PLL3_Config
                0x00000000080089b0      0x164 ./Drivers/STM32H7xx_HAL_Driver/Src/stm32h7xx_hal_rcc_ex.o
 .text.HAL_TIM_Base_Init
                0x0000000008008b14       0xae ./Drivers/STM32H7xx_HAL_Driver/Src/stm32h7xx_hal_tim.o
                0x0000000008008b14                HAL_TIM_Base_Init
 *fill*         0x0000000008008bc2        0x2 
 .text.HAL_TIM_Base_Start_IT
                0x0000000008008bc4       0xf0 ./Drivers/STM32H7xx_HAL_Driver/Src/stm32h7xx_hal_tim.o
                0x0000000008008bc4                HAL_TIM_Base_Start_IT
 .text.HAL_TIM_PWM_Init
                0x0000000008008cb4       0xae ./Drivers/STM32H7xx_HAL_Driver/Src/stm32h7xx_hal_tim.o
                0x0000000008008cb4                HAL_TIM_PWM_Init
 .text.HAL_TIM_PWM_MspInit
                0x0000000008008d62       0x14 ./Drivers/STM32H7xx_HAL_Driver/Src/stm32h7xx_hal_tim.o
                0x0000000008008d62                HAL_TIM_PWM_MspInit
 *fill*         0x0000000008008d76        0x2 
 .text.HAL_TIM_PWM_Start
                0x0000000008008d78      0x21c ./Drivers/STM32H7xx_HAL_Driver/Src/stm32h7xx_hal_tim.o
                0x0000000008008d78                HAL_TIM_PWM_Start
 .text.HAL_TIM_Encoder_Init
                0x0000000008008f94      0x14c ./Drivers/STM32H7xx_HAL_Driver/Src/stm32h7xx_hal_tim.o
                0x0000000008008f94                HAL_TIM_Encoder_Init
 .text.HAL_TIM_Encoder_Start
                0x00000000080090e0      0x11c ./Drivers/STM32H7xx_HAL_Driver/Src/stm32h7xx_hal_tim.o
                0x00000000080090e0                HAL_TIM_Encoder_Start
 .text.HAL_TIM_IRQHandler
                0x00000000080091fc      0x23e ./Drivers/STM32H7xx_HAL_Driver/Src/stm32h7xx_hal_tim.o
                0x00000000080091fc                HAL_TIM_IRQHandler
 *fill*         0x000000000800943a        0x2 
 .text.HAL_TIM_PWM_ConfigChannel
                0x000000000800943c      0x228 ./Drivers/STM32H7xx_HAL_Driver/Src/stm32h7xx_hal_tim.o
                0x000000000800943c                HAL_TIM_PWM_ConfigChannel
 .text.HAL_TIM_ConfigClockSource
                0x0000000008009664      0x1f0 ./Drivers/STM32H7xx_HAL_Driver/Src/stm32h7xx_hal_tim.o
                0x0000000008009664                HAL_TIM_ConfigClockSource
 .text.HAL_TIM_OC_DelayElapsedCallback
                0x0000000008009854       0x14 ./Drivers/STM32H7xx_HAL_Driver/Src/stm32h7xx_hal_tim.o
                0x0000000008009854                HAL_TIM_OC_DelayElapsedCallback
 .text.HAL_TIM_IC_CaptureCallback
                0x0000000008009868       0x14 ./Drivers/STM32H7xx_HAL_Driver/Src/stm32h7xx_hal_tim.o
                0x0000000008009868                HAL_TIM_IC_CaptureCallback
 .text.HAL_TIM_PWM_PulseFinishedCallback
                0x000000000800987c       0x14 ./Drivers/STM32H7xx_HAL_Driver/Src/stm32h7xx_hal_tim.o
                0x000000000800987c                HAL_TIM_PWM_PulseFinishedCallback
 .text.HAL_TIM_TriggerCallback
                0x0000000008009890       0x14 ./Drivers/STM32H7xx_HAL_Driver/Src/stm32h7xx_hal_tim.o
                0x0000000008009890                HAL_TIM_TriggerCallback
 .text.TIM_Base_SetConfig
                0x00000000080098a4      0x134 ./Drivers/STM32H7xx_HAL_Driver/Src/stm32h7xx_hal_tim.o
                0x00000000080098a4                TIM_Base_SetConfig
 .text.TIM_OC1_SetConfig
                0x00000000080099d8      0x120 ./Drivers/STM32H7xx_HAL_Driver/Src/stm32h7xx_hal_tim.o
 .text.TIM_OC2_SetConfig
                0x0000000008009af8      0x114 ./Drivers/STM32H7xx_HAL_Driver/Src/stm32h7xx_hal_tim.o
                0x0000000008009af8                TIM_OC2_SetConfig
 .text.TIM_OC3_SetConfig
                0x0000000008009c0c      0x110 ./Drivers/STM32H7xx_HAL_Driver/Src/stm32h7xx_hal_tim.o
 .text.TIM_OC4_SetConfig
                0x0000000008009d1c       0xd4 ./Drivers/STM32H7xx_HAL_Driver/Src/stm32h7xx_hal_tim.o
 .text.TIM_OC5_SetConfig
                0x0000000008009df0       0xc8 ./Drivers/STM32H7xx_HAL_Driver/Src/stm32h7xx_hal_tim.o
 .text.TIM_OC6_SetConfig
                0x0000000008009eb8       0xcc ./Drivers/STM32H7xx_HAL_Driver/Src/stm32h7xx_hal_tim.o
 .text.TIM_TI1_ConfigInputStage
                0x0000000008009f84       0x5e ./Drivers/STM32H7xx_HAL_Driver/Src/stm32h7xx_hal_tim.o
 .text.TIM_TI2_ConfigInputStage
                0x0000000008009fe2       0x60 ./Drivers/STM32H7xx_HAL_Driver/Src/stm32h7xx_hal_tim.o
 *fill*         0x000000000800a042        0x2 
 .text.TIM_ITRx_SetConfig
                0x000000000800a044       0x3c ./Drivers/STM32H7xx_HAL_Driver/Src/stm32h7xx_hal_tim.o
 .text.TIM_ETR_SetConfig
                0x000000000800a080       0x40 ./Drivers/STM32H7xx_HAL_Driver/Src/stm32h7xx_hal_tim.o
                0x000000000800a080                TIM_ETR_SetConfig
 .text.TIM_CCxChannelCmd
                0x000000000800a0c0       0x4a ./Drivers/STM32H7xx_HAL_Driver/Src/stm32h7xx_hal_tim.o
                0x000000000800a0c0                TIM_CCxChannelCmd
 *fill*         0x000000000800a10a        0x2 
 .text.HAL_TIMEx_MasterConfigSynchronization
                0x000000000800a10c      0x11c ./Drivers/STM32H7xx_HAL_Driver/Src/stm32h7xx_hal_tim_ex.o
                0x000000000800a10c                HAL_TIMEx_MasterConfigSynchronization
 .text.HAL_TIMEx_CommutCallback
                0x000000000800a228       0x14 ./Drivers/STM32H7xx_HAL_Driver/Src/stm32h7xx_hal_tim_ex.o
                0x000000000800a228                HAL_TIMEx_CommutCallback
 .text.HAL_TIMEx_BreakCallback
                0x000000000800a23c       0x14 ./Drivers/STM32H7xx_HAL_Driver/Src/stm32h7xx_hal_tim_ex.o
                0x000000000800a23c                HAL_TIMEx_BreakCallback
 .text.HAL_TIMEx_Break2Callback
                0x000000000800a250       0x14 ./Drivers/STM32H7xx_HAL_Driver/Src/stm32h7xx_hal_tim_ex.o
                0x000000000800a250                HAL_TIMEx_Break2Callback
 .text.HAL_UART_Init
                0x000000000800a264       0xa0 ./Drivers/STM32H7xx_HAL_Driver/Src/stm32h7xx_hal_uart.o
                0x000000000800a264                HAL_UART_Init
 .text.HAL_UART_Transmit
                0x000000000800a304      0x12c ./Drivers/STM32H7xx_HAL_Driver/Src/stm32h7xx_hal_uart.o
                0x000000000800a304                HAL_UART_Transmit
 .text.UART_SetConfig
                0x000000000800a430      0xac0 ./Drivers/STM32H7xx_HAL_Driver/Src/stm32h7xx_hal_uart.o
                0x000000000800a430                UART_SetConfig
 .text.UART_AdvFeatureConfig
                0x000000000800aef0      0x144 ./Drivers/STM32H7xx_HAL_Driver/Src/stm32h7xx_hal_uart.o
                0x000000000800aef0                UART_AdvFeatureConfig
 .text.UART_CheckIdleState
                0x000000000800b034       0x96 ./Drivers/STM32H7xx_HAL_Driver/Src/stm32h7xx_hal_uart.o
                0x000000000800b034                UART_CheckIdleState
 .text.UART_WaitOnFlagUntilTimeout
                0x000000000800b0ca      0x190 ./Drivers/STM32H7xx_HAL_Driver/Src/stm32h7xx_hal_uart.o
                0x000000000800b0ca                UART_WaitOnFlagUntilTimeout
 .text.HAL_UARTEx_DisableFifoMode
                0x000000000800b25a       0x72 ./Drivers/STM32H7xx_HAL_Driver/Src/stm32h7xx_hal_uart_ex.o
                0x000000000800b25a                HAL_UARTEx_DisableFifoMode
 .text.HAL_UARTEx_SetTxFifoThreshold
                0x000000000800b2cc       0x7c ./Drivers/STM32H7xx_HAL_Driver/Src/stm32h7xx_hal_uart_ex.o
                0x000000000800b2cc                HAL_UARTEx_SetTxFifoThreshold
 .text.HAL_UARTEx_SetRxFifoThreshold
                0x000000000800b348       0x7c ./Drivers/STM32H7xx_HAL_Driver/Src/stm32h7xx_hal_uart_ex.o
                0x000000000800b348                HAL_UARTEx_SetRxFifoThreshold
 .text.UARTEx_SetNbDataToProcess
                0x000000000800b3c4       0x9c ./Drivers/STM32H7xx_HAL_Driver/Src/stm32h7xx_hal_uart_ex.o
 .text.USB_CoreInit
                0x000000000800b460       0xdc ./Drivers/STM32H7xx_HAL_Driver/Src/stm32h7xx_ll_usb.o
                0x000000000800b460                USB_CoreInit
 .text.USB_DisableGlobalInt
                0x000000000800b53c       0x22 ./Drivers/STM32H7xx_HAL_Driver/Src/stm32h7xx_ll_usb.o
                0x000000000800b53c                USB_DisableGlobalInt
 .text.USB_SetCurrentMode
                0x000000000800b55e       0x98 ./Drivers/STM32H7xx_HAL_Driver/Src/stm32h7xx_ll_usb.o
                0x000000000800b55e                USB_SetCurrentMode
 *fill*         0x000000000800b5f6        0x2 
 .text.USB_DevInit
                0x000000000800b5f8      0x2bc ./Drivers/STM32H7xx_HAL_Driver/Src/stm32h7xx_ll_usb.o
                0x000000000800b5f8                USB_DevInit
 .text.USB_FlushTxFifo
                0x000000000800b8b4       0x64 ./Drivers/STM32H7xx_HAL_Driver/Src/stm32h7xx_ll_usb.o
                0x000000000800b8b4                USB_FlushTxFifo
 .text.USB_FlushRxFifo
                0x000000000800b918       0x5c ./Drivers/STM32H7xx_HAL_Driver/Src/stm32h7xx_ll_usb.o
                0x000000000800b918                USB_FlushRxFifo
 .text.USB_SetDevSpeed
                0x000000000800b974       0x32 ./Drivers/STM32H7xx_HAL_Driver/Src/stm32h7xx_ll_usb.o
                0x000000000800b974                USB_SetDevSpeed
 .text.USB_DevDisconnect
                0x000000000800b9a6       0x42 ./Drivers/STM32H7xx_HAL_Driver/Src/stm32h7xx_ll_usb.o
                0x000000000800b9a6                USB_DevDisconnect
 .text.USB_GetMode
                0x000000000800b9e8       0x1c ./Drivers/STM32H7xx_HAL_Driver/Src/stm32h7xx_ll_usb.o
                0x000000000800b9e8                USB_GetMode
 .text.USB_CoreReset
                0x000000000800ba04       0x64 ./Drivers/STM32H7xx_HAL_Driver/Src/stm32h7xx_ll_usb.o
 .text.__errno  0x000000000800ba68        0xc d:/stm32cubeide_1.8.0/stm32cubeide/plugins/com.st.stm32cube.ide.mcu.externaltools.gnu-tools-for-stm32.9-2020-q2-update.win32_2.0.0.202105311346/tools/bin/../lib/gcc/arm-none-eabi/9.3.1/../../../../arm-none-eabi/lib/thumb/v7e-m+dp/hard\libc_nano.a(lib_a-errno.o)
                0x000000000800ba68                __errno
 .text.__libc_init_array
                0x000000000800ba74       0x48 d:/stm32cubeide_1.8.0/stm32cubeide/plugins/com.st.stm32cube.ide.mcu.externaltools.gnu-tools-for-stm32.9-2020-q2-update.win32_2.0.0.202105311346/tools/bin/../lib/gcc/arm-none-eabi/9.3.1/../../../../arm-none-eabi/lib/thumb/v7e-m+dp/hard\libc_nano.a(lib_a-init.o)
                0x000000000800ba74                __libc_init_array
 .text.memcpy   0x000000000800babc       0x1c d:/stm32cubeide_1.8.0/stm32cubeide/plugins/com.st.stm32cube.ide.mcu.externaltools.gnu-tools-for-stm32.9-2020-q2-update.win32_2.0.0.202105311346/tools/bin/../lib/gcc/arm-none-eabi/9.3.1/../../../../arm-none-eabi/lib/thumb/v7e-m+dp/hard\libc_nano.a(lib_a-memcpy-stub.o)
                0x000000000800babc                memcpy
 .text.memmove  0x000000000800bad8       0x34 d:/stm32cubeide_1.8.0/stm32cubeide/plugins/com.st.stm32cube.ide.mcu.externaltools.gnu-tools-for-stm32.9-2020-q2-update.win32_2.0.0.202105311346/tools/bin/../lib/gcc/arm-none-eabi/9.3.1/../../../../arm-none-eabi/lib/thumb/v7e-m+dp/hard\libc_nano.a(lib_a-memmove.o)
                0x000000000800bad8                memmove
 .text.memset   0x000000000800bb0c       0x10 d:/stm32cubeide_1.8.0/stm32cubeide/plugins/com.st.stm32cube.ide.mcu.externaltools.gnu-tools-for-stm32.9-2020-q2-update.win32_2.0.0.202105311346/tools/bin/../lib/gcc/arm-none-eabi/9.3.1/../../../../arm-none-eabi/lib/thumb/v7e-m+dp/hard\libc_nano.a(lib_a-memset.o)
                0x000000000800bb0c                memset
 .text.sprintf  0x000000000800bb1c       0x40 d:/stm32cubeide_1.8.0/stm32cubeide/plugins/com.st.stm32cube.ide.mcu.externaltools.gnu-tools-for-stm32.9-2020-q2-update.win32_2.0.0.202105311346/tools/bin/../lib/gcc/arm-none-eabi/9.3.1/../../../../arm-none-eabi/lib/thumb/v7e-m+dp/hard\libc_nano.a(lib_a-sprintf.o)
                0x000000000800bb1c                siprintf
                0x000000000800bb1c                sprintf
 .text.strcpy   0x000000000800bb5c       0x10 d:/stm32cubeide_1.8.0/stm32cubeide/plugins/com.st.stm32cube.ide.mcu.externaltools.gnu-tools-for-stm32.9-2020-q2-update.win32_2.0.0.202105311346/tools/bin/../lib/gcc/arm-none-eabi/9.3.1/../../../../arm-none-eabi/lib/thumb/v7e-m+dp/hard\libc_nano.a(lib_a-strcpy.o)
                0x000000000800bb5c                strcpy
 .text.__ssputs_r
                0x000000000800bb6c       0xb6 d:/stm32cubeide_1.8.0/stm32cubeide/plugins/com.st.stm32cube.ide.mcu.externaltools.gnu-tools-for-stm32.9-2020-q2-update.win32_2.0.0.202105311346/tools/bin/../lib/gcc/arm-none-eabi/9.3.1/../../../../arm-none-eabi/lib/thumb/v7e-m+dp/hard\libc_nano.a(lib_a-nano-svfprintf.o)
                0x000000000800bb6c                __ssputs_r
 *fill*         0x000000000800bc22        0x2 
 .text._svfprintf_r
                0x000000000800bc24      0x200 d:/stm32cubeide_1.8.0/stm32cubeide/plugins/com.st.stm32cube.ide.mcu.externaltools.gnu-tools-for-stm32.9-2020-q2-update.win32_2.0.0.202105311346/tools/bin/../lib/gcc/arm-none-eabi/9.3.1/../../../../arm-none-eabi/lib/thumb/v7e-m+dp/hard\libc_nano.a(lib_a-nano-svfprintf.o)
                0x000000000800bc24                _svfiprintf_r
                0x000000000800bc24                _svfprintf_r
 .text._printf_common
                0x000000000800be24       0xda d:/stm32cubeide_1.8.0/stm32cubeide/plugins/com.st.stm32cube.ide.mcu.externaltools.gnu-tools-for-stm32.9-2020-q2-update.win32_2.0.0.202105311346/tools/bin/../lib/gcc/arm-none-eabi/9.3.1/../../../../arm-none-eabi/lib/thumb/v7e-m+dp/hard\libc_nano.a(lib_a-nano-vfprintf_i.o)
                0x000000000800be24                _printf_common
 *fill*         0x000000000800befe        0x2 
 .text._printf_i
                0x000000000800bf00      0x24c d:/stm32cubeide_1.8.0/stm32cubeide/plugins/com.st.stm32cube.ide.mcu.externaltools.gnu-tools-for-stm32.9-2020-q2-update.win32_2.0.0.202105311346/tools/bin/../lib/gcc/arm-none-eabi/9.3.1/../../../../arm-none-eabi/lib/thumb/v7e-m+dp/hard\libc_nano.a(lib_a-nano-vfprintf_i.o)
                0x000000000800bf00                _printf_i
 .text._free_r  0x000000000800c14c       0xa0 d:/stm32cubeide_1.8.0/stm32cubeide/plugins/com.st.stm32cube.ide.mcu.externaltools.gnu-tools-for-stm32.9-2020-q2-update.win32_2.0.0.202105311346/tools/bin/../lib/gcc/arm-none-eabi/9.3.1/../../../../arm-none-eabi/lib/thumb/v7e-m+dp/hard\libc_nano.a(lib_a-nano-freer.o)
                0x000000000800c14c                _free_r
 .text._malloc_r
                0x000000000800c1ec       0xb4 d:/stm32cubeide_1.8.0/stm32cubeide/plugins/com.st.stm32cube.ide.mcu.externaltools.gnu-tools-for-stm32.9-2020-q2-update.win32_2.0.0.202105311346/tools/bin/../lib/gcc/arm-none-eabi/9.3.1/../../../../arm-none-eabi/lib/thumb/v7e-m+dp/hard\libc_nano.a(lib_a-nano-mallocr.o)
                0x000000000800c1ec                _malloc_r
 .text._realloc_r
                0x000000000800c2a0       0x4c d:/stm32cubeide_1.8.0/stm32cubeide/plugins/com.st.stm32cube.ide.mcu.externaltools.gnu-tools-for-stm32.9-2020-q2-update.win32_2.0.0.202105311346/tools/bin/../lib/gcc/arm-none-eabi/9.3.1/../../../../arm-none-eabi/lib/thumb/v7e-m+dp/hard\libc_nano.a(lib_a-nano-reallocr.o)
                0x000000000800c2a0                _realloc_r
 .text._sbrk_r  0x000000000800c2ec       0x20 d:/stm32cubeide_1.8.0/stm32cubeide/plugins/com.st.stm32cube.ide.mcu.externaltools.gnu-tools-for-stm32.9-2020-q2-update.win32_2.0.0.202105311346/tools/bin/../lib/gcc/arm-none-eabi/9.3.1/../../../../arm-none-eabi/lib/thumb/v7e-m+dp/hard\libc_nano.a(lib_a-sbrkr.o)
                0x000000000800c2ec                _sbrk_r
 .text.__malloc_lock
                0x000000000800c30c        0xc d:/stm32cubeide_1.8.0/stm32cubeide/plugins/com.st.stm32cube.ide.mcu.externaltools.gnu-tools-for-stm32.9-2020-q2-update.win32_2.0.0.202105311346/tools/bin/../lib/gcc/arm-none-eabi/9.3.1/../../../../arm-none-eabi/lib/thumb/v7e-m+dp/hard\libc_nano.a(lib_a-mlock.o)
                0x000000000800c30c                __malloc_lock
 .text.__malloc_unlock
                0x000000000800c318        0xc d:/stm32cubeide_1.8.0/stm32cubeide/plugins/com.st.stm32cube.ide.mcu.externaltools.gnu-tools-for-stm32.9-2020-q2-update.win32_2.0.0.202105311346/tools/bin/../lib/gcc/arm-none-eabi/9.3.1/../../../../arm-none-eabi/lib/thumb/v7e-m+dp/hard\libc_nano.a(lib_a-mlock.o)
                0x000000000800c318                __malloc_unlock
 .text._malloc_usable_size_r
                0x000000000800c324       0x10 d:/stm32cubeide_1.8.0/stm32cubeide/plugins/com.st.stm32cube.ide.mcu.externaltools.gnu-tools-for-stm32.9-2020-q2-update.win32_2.0.0.202105311346/tools/bin/../lib/gcc/arm-none-eabi/9.3.1/../../../../arm-none-eabi/lib/thumb/v7e-m+dp/hard\libc_nano.a(lib_a-nano-msizer.o)
                0x000000000800c324                _malloc_usable_size_r
 .text.__retarget_lock_acquire_recursive
                0x000000000800c334        0x2 d:/stm32cubeide_1.8.0/stm32cubeide/plugins/com.st.stm32cube.ide.mcu.externaltools.gnu-tools-for-stm32.9-2020-q2-update.win32_2.0.0.202105311346/tools/bin/../lib/gcc/arm-none-eabi/9.3.1/../../../../arm-none-eabi/lib/thumb/v7e-m+dp/hard\libc_nano.a(lib_a-lock.o)
                0x000000000800c334                __retarget_lock_acquire_recursive
 .text.__retarget_lock_release_recursive
                0x000000000800c336        0x2 d:/stm32cubeide_1.8.0/stm32cubeide/plugins/com.st.stm32cube.ide.mcu.externaltools.gnu-tools-for-stm32.9-2020-q2-update.win32_2.0.0.202105311346/tools/bin/../lib/gcc/arm-none-eabi/9.3.1/../../../../arm-none-eabi/lib/thumb/v7e-m+dp/hard\libc_nano.a(lib_a-lock.o)
                0x000000000800c336                __retarget_lock_release_recursive
 *(.glue_7)
 .glue_7        0x000000000800c338        0x0 linker stubs
 *(.glue_7t)
 .glue_7t       0x000000000800c338        0x0 linker stubs
 *(.eh_frame)
 .eh_frame      0x000000000800c338        0x0 d:/stm32cubeide_1.8.0/stm32cubeide/plugins/com.st.stm32cube.ide.mcu.externaltools.gnu-tools-for-stm32.9-2020-q2-update.win32_2.0.0.202105311346/tools/bin/../lib/gcc/arm-none-eabi/9.3.1/thumb/v7e-m+dp/hard/crtbegin.o
 *(.init)
 .init          0x000000000800c338        0x4 d:/stm32cubeide_1.8.0/stm32cubeide/plugins/com.st.stm32cube.ide.mcu.externaltools.gnu-tools-for-stm32.9-2020-q2-update.win32_2.0.0.202105311346/tools/bin/../lib/gcc/arm-none-eabi/9.3.1/thumb/v7e-m+dp/hard/crti.o
                0x000000000800c338                _init
 .init          0x000000000800c33c        0x8 d:/stm32cubeide_1.8.0/stm32cubeide/plugins/com.st.stm32cube.ide.mcu.externaltools.gnu-tools-for-stm32.9-2020-q2-update.win32_2.0.0.202105311346/tools/bin/../lib/gcc/arm-none-eabi/9.3.1/thumb/v7e-m+dp/hard/crtn.o
 *(.fini)
 .fini          0x000000000800c344        0x4 d:/stm32cubeide_1.8.0/stm32cubeide/plugins/com.st.stm32cube.ide.mcu.externaltools.gnu-tools-for-stm32.9-2020-q2-update.win32_2.0.0.202105311346/tools/bin/../lib/gcc/arm-none-eabi/9.3.1/thumb/v7e-m+dp/hard/crti.o
                0x000000000800c344                _fini
 .fini          0x000000000800c348        0x8 d:/stm32cubeide_1.8.0/stm32cubeide/plugins/com.st.stm32cube.ide.mcu.externaltools.gnu-tools-for-stm32.9-2020-q2-update.win32_2.0.0.202105311346/tools/bin/../lib/gcc/arm-none-eabi/9.3.1/thumb/v7e-m+dp/hard/crtn.o
                0x000000000800c350                . = ALIGN (0x4)
                0x000000000800c350                _etext = .

.vfp11_veneer   0x000000000800c350        0x0
 .vfp11_veneer  0x000000000800c350        0x0 linker stubs

.v4_bx          0x000000000800c350        0x0
 .v4_bx         0x000000000800c350        0x0 linker stubs

.iplt           0x000000000800c350        0x0
 .iplt          0x000000000800c350        0x0 d:/stm32cubeide_1.8.0/stm32cubeide/plugins/com.st.stm32cube.ide.mcu.externaltools.gnu-tools-for-stm32.9-2020-q2-update.win32_2.0.0.202105311346/tools/bin/../lib/gcc/arm-none-eabi/9.3.1/thumb/v7e-m+dp/hard/crtbegin.o

.rodata         0x000000000800c350     0x3058
                0x000000000800c350                . = ALIGN (0x4)
 *(.rodata)
 .rodata        0x000000000800c350      0x1e7 ./Core/Src/main.o
 *(.rodata*)
 *fill*         0x000000000800c537        0x1 
 .rodata.Font7x10
                0x000000000800c538      0x76c ./Core/Src/ssd1306_fonts.o
 .rodata.Font11x18
                0x000000000800cca4      0xd5c ./Core/Src/ssd1306_fonts.o
 .rodata.Font16x26
                0x000000000800da00     0x134c ./Core/Src/ssd1306_fonts.o
 .rodata.Font6x8
                0x000000000800ed4c      0x5f0 ./Core/Src/ssd1306_fonts.o
 .rodata.D1CorePrescTable
                0x000000000800f33c       0x10 ./Core/Src/system_stm32h7xx.o
                0x000000000800f33c                D1CorePrescTable
 .rodata.UARTPrescTable
                0x000000000800f34c       0x18 ./Drivers/STM32H7xx_HAL_Driver/Src/stm32h7xx_hal_uart.o
                0x000000000800f34c                UARTPrescTable
 .rodata.numerator.12257
                0x000000000800f364        0x8 ./Drivers/STM32H7xx_HAL_Driver/Src/stm32h7xx_hal_uart_ex.o
 .rodata.denominator.12258
                0x000000000800f36c        0x8 ./Drivers/STM32H7xx_HAL_Driver/Src/stm32h7xx_hal_uart_ex.o
 .rodata._svfprintf_r.str1.1
                0x000000000800f374       0x11 d:/stm32cubeide_1.8.0/stm32cubeide/plugins/com.st.stm32cube.ide.mcu.externaltools.gnu-tools-for-stm32.9-2020-q2-update.win32_2.0.0.202105311346/tools/bin/../lib/gcc/arm-none-eabi/9.3.1/../../../../arm-none-eabi/lib/thumb/v7e-m+dp/hard\libc_nano.a(lib_a-nano-svfprintf.o)
 .rodata._printf_i.str1.1
                0x000000000800f385       0x22 d:/stm32cubeide_1.8.0/stm32cubeide/plugins/com.st.stm32cube.ide.mcu.externaltools.gnu-tools-for-stm32.9-2020-q2-update.win32_2.0.0.202105311346/tools/bin/../lib/gcc/arm-none-eabi/9.3.1/../../../../arm-none-eabi/lib/thumb/v7e-m+dp/hard\libc_nano.a(lib_a-nano-vfprintf_i.o)
                0x000000000800f3a8                . = ALIGN (0x4)
 *fill*         0x000000000800f3a7        0x1 

.ARM.extab
 *(.ARM.extab* .gnu.linkonce.armextab.*)

.ARM            0x000000000800f3a8        0x8
                0x000000000800f3a8                __exidx_start = .
 *(.ARM.exidx*)
 .ARM.exidx     0x000000000800f3a8        0x8 d:/stm32cubeide_1.8.0/stm32cubeide/plugins/com.st.stm32cube.ide.mcu.externaltools.gnu-tools-for-stm32.9-2020-q2-update.win32_2.0.0.202105311346/tools/bin/../lib/gcc/arm-none-eabi/9.3.1/thumb/v7e-m+dp/hard\libgcc.a(_udivmoddi4.o)
                0x000000000800f3b0                __exidx_end = .

.rel.dyn        0x000000000800f3b0        0x0
 .rel.iplt      0x000000000800f3b0        0x0 d:/stm32cubeide_1.8.0/stm32cubeide/plugins/com.st.stm32cube.ide.mcu.externaltools.gnu-tools-for-stm32.9-2020-q2-update.win32_2.0.0.202105311346/tools/bin/../lib/gcc/arm-none-eabi/9.3.1/thumb/v7e-m+dp/hard/crtbegin.o

.preinit_array  0x000000000800f3b0        0x0
                0x000000000800f3b0                PROVIDE (__preinit_array_start = .)
 *(.preinit_array*)
                0x000000000800f3b0                PROVIDE (__preinit_array_end = .)

.init_array     0x000000000800f3b0        0x4
                0x000000000800f3b0                PROVIDE (__init_array_start = .)
 *(SORT_BY_NAME(.init_array.*))
 *(.init_array*)
 .init_array    0x000000000800f3b0        0x4 d:/stm32cubeide_1.8.0/stm32cubeide/plugins/com.st.stm32cube.ide.mcu.externaltools.gnu-tools-for-stm32.9-2020-q2-update.win32_2.0.0.202105311346/tools/bin/../lib/gcc/arm-none-eabi/9.3.1/thumb/v7e-m+dp/hard/crtbegin.o
                0x000000000800f3b4                PROVIDE (__init_array_end = .)

.fini_array     0x000000000800f3b4        0x4
                [!provide]                        PROVIDE (__fini_array_start = .)
 *(SORT_BY_NAME(.fini_array.*))
 *(.fini_array*)
 .fini_array    0x000000000800f3b4        0x4 d:/stm32cubeide_1.8.0/stm32cubeide/plugins/com.st.stm32cube.ide.mcu.externaltools.gnu-tools-for-stm32.9-2020-q2-update.win32_2.0.0.202105311346/tools/bin/../lib/gcc/arm-none-eabi/9.3.1/thumb/v7e-m+dp/hard/crtbegin.o
                [!provide]                        PROVIDE (__fini_array_end = .)
                0x000000000800f3b8                _sidata = LOADADDR (.data)

.data           0x0000000024000000       0x98 load address 0x000000000800f3b8
                0x0000000024000000                . = ALIGN (0x4)
                0x0000000024000000                _sdata = .
 *(.data)
 *(.data*)
 .data.setTiming1
                0x0000000024000000        0x4 ./Core/Src/main.o
                0x0000000024000000                setTiming1
 .data.Font_6x8
                0x0000000024000004        0x8 ./Core/Src/ssd1306_fonts.o
                0x0000000024000004                Font_6x8
 .data.Font_7x10
                0x000000002400000c        0x8 ./Core/Src/ssd1306_fonts.o
                0x000000002400000c                Font_7x10
 .data.Font_11x18
                0x0000000024000014        0x8 ./Core/Src/ssd1306_fonts.o
                0x0000000024000014                Font_11x18
 .data.Font_16x26
                0x000000002400001c        0x8 ./Core/Src/ssd1306_fonts.o
                0x000000002400001c                Font_16x26
 .data.SystemCoreClock
                0x0000000024000024        0x4 ./Core/Src/system_stm32h7xx.o
                0x0000000024000024                SystemCoreClock
 .data.SystemD2Clock
                0x0000000024000028        0x4 ./Core/Src/system_stm32h7xx.o
                0x0000000024000028                SystemD2Clock
 .data.uwTickPrio
                0x000000002400002c        0x4 ./Drivers/STM32H7xx_HAL_Driver/Src/stm32h7xx_hal.o
                0x000000002400002c                uwTickPrio
 .data.uwTickFreq
                0x0000000024000030        0x1 ./Drivers/STM32H7xx_HAL_Driver/Src/stm32h7xx_hal.o
                0x0000000024000030                uwTickFreq
 *fill*         0x0000000024000031        0x3 
 .data._impure_ptr
                0x0000000024000034        0x4 d:/stm32cubeide_1.8.0/stm32cubeide/plugins/com.st.stm32cube.ide.mcu.externaltools.gnu-tools-for-stm32.9-2020-q2-update.win32_2.0.0.202105311346/tools/bin/../lib/gcc/arm-none-eabi/9.3.1/../../../../arm-none-eabi/lib/thumb/v7e-m+dp/hard\libc_nano.a(lib_a-impure.o)
                0x0000000024000034                _impure_ptr
 .data.impure_data
                0x0000000024000038       0x60 d:/stm32cubeide_1.8.0/stm32cubeide/plugins/com.st.stm32cube.ide.mcu.externaltools.gnu-tools-for-stm32.9-2020-q2-update.win32_2.0.0.202105311346/tools/bin/../lib/gcc/arm-none-eabi/9.3.1/../../../../arm-none-eabi/lib/thumb/v7e-m+dp/hard\libc_nano.a(lib_a-impure.o)
 *(.RamFunc)
 *(.RamFunc*)
                0x0000000024000098                . = ALIGN (0x4)
                0x0000000024000098                _edata = .

.igot.plt       0x0000000024000098        0x0 load address 0x000000000800f450
 .igot.plt      0x0000000024000098        0x0 d:/stm32cubeide_1.8.0/stm32cubeide/plugins/com.st.stm32cube.ide.mcu.externaltools.gnu-tools-for-stm32.9-2020-q2-update.win32_2.0.0.202105311346/tools/bin/../lib/gcc/arm-none-eabi/9.3.1/thumb/v7e-m+dp/hard/crtbegin.o
                0x0000000024000098                . = ALIGN (0x4)

.bss            0x0000000024000098     0x2b6c load address 0x000000000800f450
                0x0000000024000098                _sbss = .
                0x0000000024000098                __bss_start__ = _sbss
 *(.bss)
 .bss           0x0000000024000098       0x1c d:/stm32cubeide_1.8.0/stm32cubeide/plugins/com.st.stm32cube.ide.mcu.externaltools.gnu-tools-for-stm32.9-2020-q2-update.win32_2.0.0.202105311346/tools/bin/../lib/gcc/arm-none-eabi/9.3.1/thumb/v7e-m+dp/hard/crtbegin.o
 *(.bss*)
 .bss.adc_flag  0x00000000240000b4        0x4 ./Core/Src/main.o
                0x00000000240000b4                adc_flag
 .bss.uartflag  0x00000000240000b8        0x4 ./Core/Src/main.o
                0x00000000240000b8                uartflag
 .bss.i         0x00000000240000bc        0x4 ./Core/Src/main.o
                0x00000000240000bc                i
 .bss.adcraw0   0x00000000240000c0        0x4 ./Core/Src/main.o
                0x00000000240000c0                adcraw0
 .bss.adcraw1   0x00000000240000c4        0x4 ./Core/Src/main.o
                0x00000000240000c4                adcraw1
 .bss.adcraw4   0x00000000240000c8        0x4 ./Core/Src/main.o
                0x00000000240000c8                adcraw4
 .bss.adcraw6   0x00000000240000cc        0x4 ./Core/Src/main.o
                0x00000000240000cc                adcraw6
 .bss.adcraw7   0x00000000240000d0        0x4 ./Core/Src/main.o
                0x00000000240000d0                adcraw7
 .bss.counter1  0x00000000240000d4        0x4 ./Core/Src/main.o
                0x00000000240000d4                counter1
 .bss.counter2  0x00000000240000d8        0x4 ./Core/Src/main.o
                0x00000000240000d8                counter2
 .bss.counterclk
                0x00000000240000dc        0x4 ./Core/Src/main.o
                0x00000000240000dc                counterclk
 .bss.SSD1306_Buffer
                0x00000000240000e0      0x400 ./Core/Src/ssd1306.o
 .bss.SSD1306   0x00000000240004e0        0x6 ./Core/Src/ssd1306.o
 *fill*         0x00000000240004e6        0x2 
 .bss.__sbrk_heap_end
                0x00000000240004e8        0x4 ./Core/Src/sysmem.o
 .bss.__malloc_free_list
                0x00000000240004ec        0x4 d:/stm32cubeide_1.8.0/stm32cubeide/plugins/com.st.stm32cube.ide.mcu.externaltools.gnu-tools-for-stm32.9-2020-q2-update.win32_2.0.0.202105311346/tools/bin/../lib/gcc/arm-none-eabi/9.3.1/../../../../arm-none-eabi/lib/thumb/v7e-m+dp/hard\libc_nano.a(lib_a-nano-mallocr.o)
                0x00000000240004ec                __malloc_free_list
 .bss.__malloc_sbrk_start
                0x00000000240004f0        0x4 d:/stm32cubeide_1.8.0/stm32cubeide/plugins/com.st.stm32cube.ide.mcu.externaltools.gnu-tools-for-stm32.9-2020-q2-update.win32_2.0.0.202105311346/tools/bin/../lib/gcc/arm-none-eabi/9.3.1/../../../../arm-none-eabi/lib/thumb/v7e-m+dp/hard\libc_nano.a(lib_a-nano-mallocr.o)
                0x00000000240004f0                __malloc_sbrk_start
 *(COMMON)
 COMMON         0x00000000240004f4     0x26fc ./Core/Src/main.o
                0x00000000240004f4                datalogbuf7
                0x0000000024000558                htim4
                0x00000000240005a4                graphTimeBuffer
                0x0000000024000608                encoderReading
                0x000000002400060c                datalogbuf4
                0x0000000024000670                huart3
                0x0000000024000700                hi2c1
                0x000000002400074c                hpcd_USB_OTG_FS
                0x0000000024000b54                htim5
                0x0000000024000ba0                TimeArray
                0x0000000024001f28                htim3
                0x0000000024001f74                timeBuffer
                0x0000000024001fd8                adcarray7
                0x0000000024002168                adcbuffer6
                0x000000002400219c                hadc3
                0x0000000024002200                datalogbuf6
                0x0000000024002264                adcarray1
                0x00000000240023f4                uartBuf
                0x0000000024002428                buffer
                0x000000002400243c                scaledTime
                0x0000000024002440                adcbuffer4
                0x0000000024002474                adcarray0
                0x0000000024002604                htim1
                0x0000000024002650                time
                0x0000000024002658                graphbuffer
                0x00000000240026bc                adcbuffer1
                0x00000000240026f0                datalogbuf1
                0x0000000024002754                timeBuffer2
                0x00000000240027b8                adcarray4
                0x0000000024002948                adcbuffer7
                0x000000002400297c                htim14
                0x00000000240029c8                datalogbuf0
                0x0000000024002a2c                adcbuffer0
                0x0000000024002a60                adcarray6
 COMMON         0x0000000024002bf0        0x4 ./Drivers/STM32H7xx_HAL_Driver/Src/stm32h7xx_hal.o
                0x0000000024002bf0                uwTick
 COMMON         0x0000000024002bf4        0x4 d:/stm32cubeide_1.8.0/stm32cubeide/plugins/com.st.stm32cube.ide.mcu.externaltools.gnu-tools-for-stm32.9-2020-q2-update.win32_2.0.0.202105311346/tools/bin/../lib/gcc/arm-none-eabi/9.3.1/../../../../arm-none-eabi/lib/thumb/v7e-m+dp/hard\libc_nano.a(lib_a-reent.o)
                0x0000000024002bf4                errno
 COMMON         0x0000000024002bf8        0x9 d:/stm32cubeide_1.8.0/stm32cubeide/plugins/com.st.stm32cube.ide.mcu.externaltools.gnu-tools-for-stm32.9-2020-q2-update.win32_2.0.0.202105311346/tools/bin/../lib/gcc/arm-none-eabi/9.3.1/../../../../arm-none-eabi/lib/thumb/v7e-m+dp/hard\libc_nano.a(lib_a-lock.o)
                0x0000000024002bf8                __lock___atexit_recursive_mutex
                0x0000000024002bf9                __lock___arc4random_mutex
                0x0000000024002bfa                __lock___env_recursive_mutex
                0x0000000024002bfb                __lock___sinit_recursive_mutex
                0x0000000024002bfc                __lock___malloc_recursive_mutex
                0x0000000024002bfd                __lock___at_quick_exit_mutex
                0x0000000024002bfe                __lock___dd_hash_mutex
                0x0000000024002bff                __lock___tz_mutex
                0x0000000024002c00                __lock___sfp_recursive_mutex
                0x0000000024002c04                . = ALIGN (0x4)
 *fill*         0x0000000024002c01        0x3 
                0x0000000024002c04                _ebss = .
                0x0000000024002c04                __bss_end__ = _ebss

._user_heap_stack
                0x0000000024002c04      0x604 load address 0x000000000800f450
                0x0000000024002c08                . = ALIGN (0x8)
 *fill*         0x0000000024002c04        0x4 
                [!provide]                        PROVIDE (end = .)
                0x0000000024002c08                PROVIDE (_end = .)
                0x0000000024002e08                . = (. + _Min_Heap_Size)
 *fill*         0x0000000024002c08      0x200 
                0x0000000024003208                . = (. + _Min_Stack_Size)
 *fill*         0x0000000024002e08      0x400 
                0x0000000024003208                . = ALIGN (0x8)

/DISCARD/
 libc.a(*)
 libm.a(*)
 libgcc.a(*)

.ARM.attributes
                0x0000000000000000       0x2e
 *(.ARM.attributes)
 .ARM.attributes
                0x0000000000000000       0x1e d:/stm32cubeide_1.8.0/stm32cubeide/plugins/com.st.stm32cube.ide.mcu.externaltools.gnu-tools-for-stm32.9-2020-q2-update.win32_2.0.0.202105311346/tools/bin/../lib/gcc/arm-none-eabi/9.3.1/thumb/v7e-m+dp/hard/crti.o
 .ARM.attributes
                0x000000000000001e       0x32 d:/stm32cubeide_1.8.0/stm32cubeide/plugins/com.st.stm32cube.ide.mcu.externaltools.gnu-tools-for-stm32.9-2020-q2-update.win32_2.0.0.202105311346/tools/bin/../lib/gcc/arm-none-eabi/9.3.1/thumb/v7e-m+dp/hard/crtbegin.o
 .ARM.attributes
                0x0000000000000050       0x32 ./Core/Src/DS1302.o
 .ARM.attributes
                0x0000000000000082       0x32 ./Core/Src/dwt_delay.o
 .ARM.attributes
                0x00000000000000b4       0x32 ./Core/Src/main.o
 .ARM.attributes
                0x00000000000000e6       0x32 ./Core/Src/ssd1306.o
 .ARM.attributes
                0x0000000000000118       0x37 ./Core/Src/ssd1306_fonts.o
 .ARM.attributes
                0x000000000000014f       0x32 ./Core/Src/stm32h7xx_hal_msp.o
 .ARM.attributes
                0x0000000000000181       0x32 ./Core/Src/stm32h7xx_it.o
 .ARM.attributes
                0x00000000000001b3       0x32 ./Core/Src/sysmem.o
 .ARM.attributes
                0x00000000000001e5       0x32 ./Core/Src/system_stm32h7xx.o
 .ARM.attributes
                0x0000000000000217       0x21 ./Core/Startup/startup_stm32h743zitx.o
 .ARM.attributes
                0x0000000000000238       0x32 ./Drivers/STM32H7xx_HAL_Driver/Src/stm32h7xx_hal.o
 .ARM.attributes
                0x000000000000026a       0x32 ./Drivers/STM32H7xx_HAL_Driver/Src/stm32h7xx_hal_adc.o
 .ARM.attributes
                0x000000000000029c       0x32 ./Drivers/STM32H7xx_HAL_Driver/Src/stm32h7xx_hal_cortex.o
 .ARM.attributes
                0x00000000000002ce       0x32 ./Drivers/STM32H7xx_HAL_Driver/Src/stm32h7xx_hal_gpio.o
 .ARM.attributes
                0x0000000000000300       0x32 ./Drivers/STM32H7xx_HAL_Driver/Src/stm32h7xx_hal_i2c.o
 .ARM.attributes
                0x0000000000000332       0x32 ./Drivers/STM32H7xx_HAL_Driver/Src/stm32h7xx_hal_i2c_ex.o
 .ARM.attributes
                0x0000000000000364       0x32 ./Drivers/STM32H7xx_HAL_Driver/Src/stm32h7xx_hal_pcd.o
 .ARM.attributes
                0x0000000000000396       0x32 ./Drivers/STM32H7xx_HAL_Driver/Src/stm32h7xx_hal_pcd_ex.o
 .ARM.attributes
                0x00000000000003c8       0x32 ./Drivers/STM32H7xx_HAL_Driver/Src/stm32h7xx_hal_pwr_ex.o
 .ARM.attributes
                0x00000000000003fa       0x32 ./Drivers/STM32H7xx_HAL_Driver/Src/stm32h7xx_hal_rcc.o
 .ARM.attributes
                0x000000000000042c       0x32 ./Drivers/STM32H7xx_HAL_Driver/Src/stm32h7xx_hal_rcc_ex.o
 .ARM.attributes
                0x000000000000045e       0x32 ./Drivers/STM32H7xx_HAL_Driver/Src/stm32h7xx_hal_tim.o
 .ARM.attributes
                0x0000000000000490       0x32 ./Drivers/STM32H7xx_HAL_Driver/Src/stm32h7xx_hal_tim_ex.o
 .ARM.attributes
                0x00000000000004c2       0x32 ./Drivers/STM32H7xx_HAL_Driver/Src/stm32h7xx_hal_uart.o
 .ARM.attributes
                0x00000000000004f4       0x32 ./Drivers/STM32H7xx_HAL_Driver/Src/stm32h7xx_hal_uart_ex.o
 .ARM.attributes
                0x0000000000000526       0x32 ./Drivers/STM32H7xx_HAL_Driver/Src/stm32h7xx_ll_usb.o
 .ARM.attributes
                0x0000000000000558       0x32 d:/stm32cubeide_1.8.0/stm32cubeide/plugins/com.st.stm32cube.ide.mcu.externaltools.gnu-tools-for-stm32.9-2020-q2-update.win32_2.0.0.202105311346/tools/bin/../lib/gcc/arm-none-eabi/9.3.1/../../../../arm-none-eabi/lib/thumb/v7e-m+dp/hard\libc_nano.a(lib_a-errno.o)
 .ARM.attributes
                0x000000000000058a       0x30 d:/stm32cubeide_1.8.0/stm32cubeide/plugins/com.st.stm32cube.ide.mcu.externaltools.gnu-tools-for-stm32.9-2020-q2-update.win32_2.0.0.202105311346/tools/bin/../lib/gcc/arm-none-eabi/9.3.1/../../../../arm-none-eabi/lib/thumb/v7e-m+dp/hard\libc_nano.a(lib_a-impure.o)
 .ARM.attributes
                0x00000000000005ba       0x32 d:/stm32cubeide_1.8.0/stm32cubeide/plugins/com.st.stm32cube.ide.mcu.externaltools.gnu-tools-for-stm32.9-2020-q2-update.win32_2.0.0.202105311346/tools/bin/../lib/gcc/arm-none-eabi/9.3.1/../../../../arm-none-eabi/lib/thumb/v7e-m+dp/hard\libc_nano.a(lib_a-init.o)
 .ARM.attributes
                0x00000000000005ec       0x32 d:/stm32cubeide_1.8.0/stm32cubeide/plugins/com.st.stm32cube.ide.mcu.externaltools.gnu-tools-for-stm32.9-2020-q2-update.win32_2.0.0.202105311346/tools/bin/../lib/gcc/arm-none-eabi/9.3.1/../../../../arm-none-eabi/lib/thumb/v7e-m+dp/hard\libc_nano.a(lib_a-memcpy-stub.o)
 .ARM.attributes
                0x000000000000061e       0x32 d:/stm32cubeide_1.8.0/stm32cubeide/plugins/com.st.stm32cube.ide.mcu.externaltools.gnu-tools-for-stm32.9-2020-q2-update.win32_2.0.0.202105311346/tools/bin/../lib/gcc/arm-none-eabi/9.3.1/../../../../arm-none-eabi/lib/thumb/v7e-m+dp/hard\libc_nano.a(lib_a-memmove.o)
 .ARM.attributes
                0x0000000000000650       0x32 d:/stm32cubeide_1.8.0/stm32cubeide/plugins/com.st.stm32cube.ide.mcu.externaltools.gnu-tools-for-stm32.9-2020-q2-update.win32_2.0.0.202105311346/tools/bin/../lib/gcc/arm-none-eabi/9.3.1/../../../../arm-none-eabi/lib/thumb/v7e-m+dp/hard\libc_nano.a(lib_a-memset.o)
 .ARM.attributes
                0x0000000000000682       0x32 d:/stm32cubeide_1.8.0/stm32cubeide/plugins/com.st.stm32cube.ide.mcu.externaltools.gnu-tools-for-stm32.9-2020-q2-update.win32_2.0.0.202105311346/tools/bin/../lib/gcc/arm-none-eabi/9.3.1/../../../../arm-none-eabi/lib/thumb/v7e-m+dp/hard\libc_nano.a(lib_a-sprintf.o)
 .ARM.attributes
                0x00000000000006b4       0x32 d:/stm32cubeide_1.8.0/stm32cubeide/plugins/com.st.stm32cube.ide.mcu.externaltools.gnu-tools-for-stm32.9-2020-q2-update.win32_2.0.0.202105311346/tools/bin/../lib/gcc/arm-none-eabi/9.3.1/../../../../arm-none-eabi/lib/thumb/v7e-m+dp/hard\libc_nano.a(lib_a-strcpy.o)
 .ARM.attributes
                0x00000000000006e6       0x17 d:/stm32cubeide_1.8.0/stm32cubeide/plugins/com.st.stm32cube.ide.mcu.externaltools.gnu-tools-for-stm32.9-2020-q2-update.win32_2.0.0.202105311346/tools/bin/../lib/gcc/arm-none-eabi/9.3.1/../../../../arm-none-eabi/lib/thumb/v7e-m+dp/hard\libc_nano.a(lib_a-strlen.o)
 .ARM.attributes
                0x00000000000006fd       0x32 d:/stm32cubeide_1.8.0/stm32cubeide/plugins/com.st.stm32cube.ide.mcu.externaltools.gnu-tools-for-stm32.9-2020-q2-update.win32_2.0.0.202105311346/tools/bin/../lib/gcc/arm-none-eabi/9.3.1/../../../../arm-none-eabi/lib/thumb/v7e-m+dp/hard\libc_nano.a(lib_a-nano-svfprintf.o)
 .ARM.attributes
                0x000000000000072f       0x32 d:/stm32cubeide_1.8.0/stm32cubeide/plugins/com.st.stm32cube.ide.mcu.externaltools.gnu-tools-for-stm32.9-2020-q2-update.win32_2.0.0.202105311346/tools/bin/../lib/gcc/arm-none-eabi/9.3.1/../../../../arm-none-eabi/lib/thumb/v7e-m+dp/hard\libc_nano.a(lib_a-nano-vfprintf_i.o)
 .ARM.attributes
                0x0000000000000761       0x1c d:/stm32cubeide_1.8.0/stm32cubeide/plugins/com.st.stm32cube.ide.mcu.externaltools.gnu-tools-for-stm32.9-2020-q2-update.win32_2.0.0.202105311346/tools/bin/../lib/gcc/arm-none-eabi/9.3.1/../../../../arm-none-eabi/lib/thumb/v7e-m+dp/hard\libc_nano.a(lib_a-memchr.o)
 .ARM.attributes
                0x000000000000077d       0x32 d:/stm32cubeide_1.8.0/stm32cubeide/plugins/com.st.stm32cube.ide.mcu.externaltools.gnu-tools-for-stm32.9-2020-q2-update.win32_2.0.0.202105311346/tools/bin/../lib/gcc/arm-none-eabi/9.3.1/../../../../arm-none-eabi/lib/thumb/v7e-m+dp/hard\libc_nano.a(lib_a-nano-freer.o)
 .ARM.attributes
                0x00000000000007af       0x32 d:/stm32cubeide_1.8.0/stm32cubeide/plugins/com.st.stm32cube.ide.mcu.externaltools.gnu-tools-for-stm32.9-2020-q2-update.win32_2.0.0.202105311346/tools/bin/../lib/gcc/arm-none-eabi/9.3.1/../../../../arm-none-eabi/lib/thumb/v7e-m+dp/hard\libc_nano.a(lib_a-nano-mallocr.o)
 .ARM.attributes
                0x00000000000007e1       0x32 d:/stm32cubeide_1.8.0/stm32cubeide/plugins/com.st.stm32cube.ide.mcu.externaltools.gnu-tools-for-stm32.9-2020-q2-update.win32_2.0.0.202105311346/tools/bin/../lib/gcc/arm-none-eabi/9.3.1/../../../../arm-none-eabi/lib/thumb/v7e-m+dp/hard\libc_nano.a(lib_a-nano-reallocr.o)
 .ARM.attributes
                0x0000000000000813       0x32 d:/stm32cubeide_1.8.0/stm32cubeide/plugins/com.st.stm32cube.ide.mcu.externaltools.gnu-tools-for-stm32.9-2020-q2-update.win32_2.0.0.202105311346/tools/bin/../lib/gcc/arm-none-eabi/9.3.1/../../../../arm-none-eabi/lib/thumb/v7e-m+dp/hard\libc_nano.a(lib_a-sbrkr.o)
 .ARM.attributes
                0x0000000000000845       0x32 d:/stm32cubeide_1.8.0/stm32cubeide/plugins/com.st.stm32cube.ide.mcu.externaltools.gnu-tools-for-stm32.9-2020-q2-update.win32_2.0.0.202105311346/tools/bin/../lib/gcc/arm-none-eabi/9.3.1/../../../../arm-none-eabi/lib/thumb/v7e-m+dp/hard\libc_nano.a(lib_a-mlock.o)
 .ARM.attributes
                0x0000000000000877       0x32 d:/stm32cubeide_1.8.0/stm32cubeide/plugins/com.st.stm32cube.ide.mcu.externaltools.gnu-tools-for-stm32.9-2020-q2-update.win32_2.0.0.202105311346/tools/bin/../lib/gcc/arm-none-eabi/9.3.1/../../../../arm-none-eabi/lib/thumb/v7e-m+dp/hard\libc_nano.a(lib_a-nano-msizer.o)
 .ARM.attributes
                0x00000000000008a9       0x32 d:/stm32cubeide_1.8.0/stm32cubeide/plugins/com.st.stm32cube.ide.mcu.externaltools.gnu-tools-for-stm32.9-2020-q2-update.win32_2.0.0.202105311346/tools/bin/../lib/gcc/arm-none-eabi/9.3.1/../../../../arm-none-eabi/lib/thumb/v7e-m+dp/hard\libc_nano.a(lib_a-reent.o)
 .ARM.attributes
                0x00000000000008db       0x32 d:/stm32cubeide_1.8.0/stm32cubeide/plugins/com.st.stm32cube.ide.mcu.externaltools.gnu-tools-for-stm32.9-2020-q2-update.win32_2.0.0.202105311346/tools/bin/../lib/gcc/arm-none-eabi/9.3.1/../../../../arm-none-eabi/lib/thumb/v7e-m+dp/hard\libc_nano.a(lib_a-lock.o)
 .ARM.attributes
                0x000000000000090d       0x1e d:/stm32cubeide_1.8.0/stm32cubeide/plugins/com.st.stm32cube.ide.mcu.externaltools.gnu-tools-for-stm32.9-2020-q2-update.win32_2.0.0.202105311346/tools/bin/../lib/gcc/arm-none-eabi/9.3.1/thumb/v7e-m+dp/hard\libgcc.a(_aeabi_uldivmod.o)
 .ARM.attributes
                0x000000000000092b       0x32 d:/stm32cubeide_1.8.0/stm32cubeide/plugins/com.st.stm32cube.ide.mcu.externaltools.gnu-tools-for-stm32.9-2020-q2-update.win32_2.0.0.202105311346/tools/bin/../lib/gcc/arm-none-eabi/9.3.1/thumb/v7e-m+dp/hard\libgcc.a(_udivmoddi4.o)
 .ARM.attributes
                0x000000000000095d       0x1e d:/stm32cubeide_1.8.0/stm32cubeide/plugins/com.st.stm32cube.ide.mcu.externaltools.gnu-tools-for-stm32.9-2020-q2-update.win32_2.0.0.202105311346/tools/bin/../lib/gcc/arm-none-eabi/9.3.1/thumb/v7e-m+dp/hard\libgcc.a(_dvmd_tls.o)
 .ARM.attributes
                0x000000000000097b       0x1e d:/stm32cubeide_1.8.0/stm32cubeide/plugins/com.st.stm32cube.ide.mcu.externaltools.gnu-tools-for-stm32.9-2020-q2-update.win32_2.0.0.202105311346/tools/bin/../lib/gcc/arm-none-eabi/9.3.1/thumb/v7e-m+dp/hard/crtn.o
OUTPUT(Askhsh_12_v1_8.elf elf32-littlearm)
LOAD linker stubs
LOAD d:/stm32cubeide_1.8.0/stm32cubeide/plugins/com.st.stm32cube.ide.mcu.externaltools.gnu-tools-for-stm32.9-2020-q2-update.win32_2.0.0.202105311346/tools/bin/../lib/gcc/arm-none-eabi/9.3.1/../../../../arm-none-eabi/lib/thumb/v7e-m+dp/hard\libc.a
LOAD d:/stm32cubeide_1.8.0/stm32cubeide/plugins/com.st.stm32cube.ide.mcu.externaltools.gnu-tools-for-stm32.9-2020-q2-update.win32_2.0.0.202105311346/tools/bin/../lib/gcc/arm-none-eabi/9.3.1/../../../../arm-none-eabi/lib/thumb/v7e-m+dp/hard\libm.a
LOAD d:/stm32cubeide_1.8.0/stm32cubeide/plugins/com.st.stm32cube.ide.mcu.externaltools.gnu-tools-for-stm32.9-2020-q2-update.win32_2.0.0.202105311346/tools/bin/../lib/gcc/arm-none-eabi/9.3.1/thumb/v7e-m+dp/hard\libgcc.a

.debug_info     0x0000000000000000    0x314cf
 .debug_info    0x0000000000000000     0x12ad ./Core/Src/DS1302.o
 .debug_info    0x00000000000012ad      0xd92 ./Core/Src/dwt_delay.o
 .debug_info    0x000000000000203f     0x3ce4 ./Core/Src/main.o
 .debug_info    0x0000000000005d23     0x1af5 ./Core/Src/ssd1306.o
 .debug_info    0x0000000000007818      0x1f2 ./Core/Src/ssd1306_fonts.o
 .debug_info    0x0000000000007a0a     0x31a8 ./Core/Src/stm32h7xx_hal_msp.o
 .debug_info    0x000000000000abb2     0x130e ./Core/Src/stm32h7xx_it.o
 .debug_info    0x000000000000bec0      0xa25 ./Core/Src/sysmem.o
 .debug_info    0x000000000000c8e5     0x1787 ./Core/Src/system_stm32h7xx.o
 .debug_info    0x000000000000e06c       0x22 ./Core/Startup/startup_stm32h743zitx.o
 .debug_info    0x000000000000e08e     0x1f9d ./Drivers/STM32H7xx_HAL_Driver/Src/stm32h7xx_hal.o
 .debug_info    0x000000000001002b     0x294b ./Drivers/STM32H7xx_HAL_Driver/Src/stm32h7xx_hal_adc.o
 .debug_info    0x0000000000012976     0x1c13 ./Drivers/STM32H7xx_HAL_Driver/Src/stm32h7xx_hal_cortex.o
 .debug_info    0x0000000000014589     0x17e6 ./Drivers/STM32H7xx_HAL_Driver/Src/stm32h7xx_hal_gpio.o
 .debug_info    0x0000000000015d6f     0x2db8 ./Drivers/STM32H7xx_HAL_Driver/Src/stm32h7xx_hal_i2c.o
 .debug_info    0x0000000000018b27     0x18b6 ./Drivers/STM32H7xx_HAL_Driver/Src/stm32h7xx_hal_i2c_ex.o
 .debug_info    0x000000000001a3dd     0x1d2d ./Drivers/STM32H7xx_HAL_Driver/Src/stm32h7xx_hal_pcd.o
 .debug_info    0x000000000001c10a     0x1331 ./Drivers/STM32H7xx_HAL_Driver/Src/stm32h7xx_hal_pcd_ex.o
 .debug_info    0x000000000001d43b     0x1b45 ./Drivers/STM32H7xx_HAL_Driver/Src/stm32h7xx_hal_pwr_ex.o
 .debug_info    0x000000000001ef80     0x1951 ./Drivers/STM32H7xx_HAL_Driver/Src/stm32h7xx_hal_rcc.o
 .debug_info    0x00000000000208d1     0x1d00 ./Drivers/STM32H7xx_HAL_Driver/Src/stm32h7xx_hal_rcc_ex.o
 .debug_info    0x00000000000225d1     0x37ca ./Drivers/STM32H7xx_HAL_Driver/Src/stm32h7xx_hal_tim.o
 .debug_info    0x0000000000025d9b     0x225f ./Drivers/STM32H7xx_HAL_Driver/Src/stm32h7xx_hal_tim_ex.o
 .debug_info    0x0000000000027ffa     0x558a ./Drivers/STM32H7xx_HAL_Driver/Src/stm32h7xx_hal_uart.o
 .debug_info    0x000000000002d584     0x19a9 ./Drivers/STM32H7xx_HAL_Driver/Src/stm32h7xx_hal_uart_ex.o
 .debug_info    0x000000000002ef2d     0x25a2 ./Drivers/STM32H7xx_HAL_Driver/Src/stm32h7xx_ll_usb.o

.debug_abbrev   0x0000000000000000     0x4867
 .debug_abbrev  0x0000000000000000      0x339 ./Core/Src/DS1302.o
 .debug_abbrev  0x0000000000000339      0x20f ./Core/Src/dwt_delay.o
 .debug_abbrev  0x0000000000000548      0x3b0 ./Core/Src/main.o
 .debug_abbrev  0x00000000000008f8      0x37a ./Core/Src/ssd1306.o
 .debug_abbrev  0x0000000000000c72       0xbe ./Core/Src/ssd1306_fonts.o
 .debug_abbrev  0x0000000000000d30      0x2b6 ./Core/Src/stm32h7xx_hal_msp.o
 .debug_abbrev  0x0000000000000fe6      0x211 ./Core/Src/stm32h7xx_it.o
 .debug_abbrev  0x00000000000011f7      0x1bf ./Core/Src/sysmem.o
 .debug_abbrev  0x00000000000013b6      0x262 ./Core/Src/system_stm32h7xx.o
 .debug_abbrev  0x0000000000001618       0x12 ./Core/Startup/startup_stm32h743zitx.o
 .debug_abbrev  0x000000000000162a      0x31b ./Drivers/STM32H7xx_HAL_Driver/Src/stm32h7xx_hal.o
 .debug_abbrev  0x0000000000001945      0x31b ./Drivers/STM32H7xx_HAL_Driver/Src/stm32h7xx_hal_adc.o
 .debug_abbrev  0x0000000000001c60      0x409 ./Drivers/STM32H7xx_HAL_Driver/Src/stm32h7xx_hal_cortex.o
 .debug_abbrev  0x0000000000002069      0x2cb ./Drivers/STM32H7xx_HAL_Driver/Src/stm32h7xx_hal_gpio.o
 .debug_abbrev  0x0000000000002334      0x2e6 ./Drivers/STM32H7xx_HAL_Driver/Src/stm32h7xx_hal_i2c.o
 .debug_abbrev  0x000000000000261a      0x29e ./Drivers/STM32H7xx_HAL_Driver/Src/stm32h7xx_hal_i2c_ex.o
 .debug_abbrev  0x00000000000028b8      0x33a ./Drivers/STM32H7xx_HAL_Driver/Src/stm32h7xx_hal_pcd.o
 .debug_abbrev  0x0000000000002bf2      0x2e0 ./Drivers/STM32H7xx_HAL_Driver/Src/stm32h7xx_hal_pcd_ex.o
 .debug_abbrev  0x0000000000002ed2      0x350 ./Drivers/STM32H7xx_HAL_Driver/Src/stm32h7xx_hal_pwr_ex.o
 .debug_abbrev  0x0000000000003222      0x322 ./Drivers/STM32H7xx_HAL_Driver/Src/stm32h7xx_hal_rcc.o
 .debug_abbrev  0x0000000000003544      0x31d ./Drivers/STM32H7xx_HAL_Driver/Src/stm32h7xx_hal_rcc_ex.o
 .debug_abbrev  0x0000000000003861      0x2f9 ./Drivers/STM32H7xx_HAL_Driver/Src/stm32h7xx_hal_tim.o
 .debug_abbrev  0x0000000000003b5a      0x301 ./Drivers/STM32H7xx_HAL_Driver/Src/stm32h7xx_hal_tim_ex.o
 .debug_abbrev  0x0000000000003e5b      0x37d ./Drivers/STM32H7xx_HAL_Driver/Src/stm32h7xx_hal_uart.o
 .debug_abbrev  0x00000000000041d8      0x33d ./Drivers/STM32H7xx_HAL_Driver/Src/stm32h7xx_hal_uart_ex.o
 .debug_abbrev  0x0000000000004515      0x352 ./Drivers/STM32H7xx_HAL_Driver/Src/stm32h7xx_ll_usb.o

.debug_aranges  0x0000000000000000     0x1a78
 .debug_aranges
                0x0000000000000000       0xc0 ./Core/Src/DS1302.o
 .debug_aranges
                0x00000000000000c0       0x20 ./Core/Src/dwt_delay.o
 .debug_aranges
                0x00000000000000e0       0xd0 ./Core/Src/main.o
 .debug_aranges
                0x00000000000001b0       0xd0 ./Core/Src/ssd1306.o
 .debug_aranges
                0x0000000000000280       0x18 ./Core/Src/ssd1306_fonts.o
 .debug_aranges
                0x0000000000000298       0x88 ./Core/Src/stm32h7xx_hal_msp.o
 .debug_aranges
                0x0000000000000320       0x70 ./Core/Src/stm32h7xx_it.o
 .debug_aranges
                0x0000000000000390       0x20 ./Core/Src/sysmem.o
 .debug_aranges