dwt_delay.h:25:22:delayUS_DWT	24	static
DS1302.c:27:13:writeSDA	32	static
DS1302.c:39:13:readSDA	32	static
DS1302.c:51:13:DS1302_SendCmd	24	static
DS1302.c:69:13:DS1302_WriteByte	24	static
DS1302.c:100:13:DS1302_WriteBurst	24	static
DS1302.c:136:16:DS1302_ReadByte	24	static
DS1302.c:172:13:DS1302_ReadBurst	24	static
DS1302.c:211:6:DS1302_WriteTime	16	static
DS1302.c:229:6:DS1302_ReadTime	24	static
DS1302.c:251:6:DS1302_Init	32	static
DS1302.c:276:6:DS1302_WriteRam	16	static
DS1302.c:291:9:DS1302_ReadRam	16	static
DS1302.c:301:6:DS1302_ClearRam	16	static
DS1302.c:310:6:DS1302_ReadTimeBurst	24	static
DS1302.c:327:6:DS1302_WriteTimeBurst	24	static
DS1302.c:344:6:DS1302_ReadRamBurst	24	static
DS1302.c:360:6:DS1302_WriteRamBurst	16	static
DS1302.c:374:6:DS1302_ClockStart	16	static
DS1302.c:391:6:DS1302_ClockStop	16	static
DS1302.c:409:6:DS1302_ClockClear	8	static
