main.c:135:6:HAL_TIM_PeriodElapsedCallback	16	static
main.c:160:6:datalogger	64	static
main.c:205:6:ADC_CH0_SELECT	40	static
main.c:219:6:ADC_CH1_SELECT	40	static
main.c:233:6:ADC_CH4_SELECT	40	static
main.c:247:6:ADC_CH6_SELECT	40	static
main.c:261:6:ADC_CH7_SELECT	40	static
main.c:276:6:ADC_TAKE_ALL	32	static
main.c:327:6:uarttrigger	32	static
main.c:361:5:main	8	static
main.c:450:6:SystemClock_Config	120	static
main.c:508:6:PeriphCommonClock_Config	200	static
main.c:527:13:MX_ADC3_Init	40	static
main.c:583:13:MX_I2C1_Init	8	static
main.c:629:13:MX_TIM1_Init	40	static
main.c:676:13:MX_TIM3_Init	40	static
main.c:721:13:MX_TIM4_Init	56	static
main.c:770:13:MX_TIM5_Init	40	static
main.c:815:13:MX_TIM14_Init	40	static
main.c:861:13:MX_USART3_UART_Init	8	static
main.c:909:13:MX_USB_OTG_FS_PCD_Init	8	static
main.c:945:13:MX_GPIO_Init	64	static
main.c:1113:6:Error_Handler	32	static,ignoring_inline_asm
