main.c:182:6:HAL_TIM_PeriodElapsedCallback	16	static
main.c:215:6:eepromWrite	16	static
main.c:224:6:datalogger	64	static
main.c:276:6:ADC_CH0_SELECT	40	static
main.c:290:6:ADC_CH1_SELECT	40	static
main.c:304:6:ADC_CH4_SELECT	40	static
main.c:318:6:ADC_CH6_SELECT	40	static
main.c:332:6:ADC_CH7_SELECT	40	static
main.c:347:6:ADC_TAKE_ALL	32	static
main.c:398:6:uarttrigger	32	static
main.c:433:5:main	64	static
main.c:606:6:SystemClock_Config	120	static
main.c:664:6:PeriphCommonClock_Config	200	static
main.c:683:13:MX_ADC3_Init	40	static
main.c:739:13:MX_I2C1_Init	8	static
main.c:785:13:MX_TIM1_Init	40	static
main.c:832:13:MX_TIM3_Init	40	static
main.c:877:13:MX_TIM4_Init	56	static
main.c:926:13:MX_TIM5_Init	40	static
main.c:971:13:MX_TIM14_Init	40	static
main.c:1017:13:MX_USART3_UART_Init	8	static
main.c:1065:13:MX_USB_OTG_FS_PCD_Init	8	static
main.c:1101:13:MX_GPIO_Init	64	static
main.c:1275:6:Error_Handler	32	static,ignoring_inline_asm
